###############################################################################
#
# IAR ELF Linker V9.60.4.438/W64 for ARM                  18/Aug/2026  16:46:22
# Copyright 2007-2025 IAR Systems AB.
#
#    Output file  =
#        D:\git-my-repos\ARM
#        projects\STM32U5-nucleo-graphics\EWARM\STM32U5-nucleo-graphics\Exe\STM32U5-nucleo-graphics.out
#    Map file     =
#        D:\git-my-repos\ARM
#        projects\STM32U5-nucleo-graphics\EWARM\STM32U5-nucleo-graphics\List\STM32U5-nucleo-graphics.map
#    Command line =
#        -f "D:\git-my-repos\ARM
#        projects\STM32U5-nucleo-graphics\EWARM\STM32U5-nucleo-graphics\Exe\STM32U5-nucleo-graphics.out.rsp"
#        ("D:\git-my-repos\ARM
#        projects\STM32U5-nucleo-graphics\EWARM\STM32U5-nucleo-graphics\Obj\Core_13247989168731456611.dir\gpio.o"
#        "D:\git-my-repos\ARM
#        projects\STM32U5-nucleo-graphics\EWARM\STM32U5-nucleo-graphics\Obj\Core_13247989168731456611.dir\icache.o"
#        "D:\git-my-repos\ARM
#        projects\STM32U5-nucleo-graphics\EWARM\STM32U5-nucleo-graphics\Obj\Core_13247989168731456611.dir\iwdg.o"
#        "D:\git-my-repos\ARM
#        projects\STM32U5-nucleo-graphics\EWARM\STM32U5-nucleo-graphics\Obj\Core_13247989168731456611.dir\main.o"
#        "D:\git-my-repos\ARM
#        projects\STM32U5-nucleo-graphics\EWARM\STM32U5-nucleo-graphics\Obj\EWARM_18443280873093131863.dir\startup_stm32u575xx.o"
#        "D:\git-my-repos\ARM
#        projects\STM32U5-nucleo-graphics\EWARM\STM32U5-nucleo-graphics\Obj\STM32U5xx_HAL_Driver_18077472236357910042.dir\stm32u5xx_hal.o"
#        "D:\git-my-repos\ARM
#        projects\STM32U5-nucleo-graphics\EWARM\STM32U5-nucleo-graphics\Obj\STM32U5xx_HAL_Driver_18077472236357910042.dir\stm32u5xx_hal_cortex.o"
#        "D:\git-my-repos\ARM
#        projects\STM32U5-nucleo-graphics\EWARM\STM32U5-nucleo-graphics\Obj\STM32U5xx_HAL_Driver_18077472236357910042.dir\stm32u5xx_hal_dma.o"
#        "D:\git-my-repos\ARM
#        projects\STM32U5-nucleo-graphics\EWARM\STM32U5-nucleo-graphics\Obj\STM32U5xx_HAL_Driver_18077472236357910042.dir\stm32u5xx_hal_dma_ex.o"
#        "D:\git-my-repos\ARM
#        projects\STM32U5-nucleo-graphics\EWARM\STM32U5-nucleo-graphics\Obj\STM32U5xx_HAL_Driver_18077472236357910042.dir\stm32u5xx_hal_exti.o"
#        "D:\git-my-repos\ARM
#        projects\STM32U5-nucleo-graphics\EWARM\STM32U5-nucleo-graphics\Obj\STM32U5xx_HAL_Driver_18077472236357910042.dir\stm32u5xx_hal_flash.o"
#        "D:\git-my-repos\ARM
#        projects\STM32U5-nucleo-graphics\EWARM\STM32U5-nucleo-graphics\Obj\STM32U5xx_HAL_Driver_18077472236357910042.dir\stm32u5xx_hal_flash_ex.o"
#        "D:\git-my-repos\ARM
#        projects\STM32U5-nucleo-graphics\EWARM\STM32U5-nucleo-graphics\Obj\STM32U5xx_HAL_Driver_18077472236357910042.dir\stm32u5xx_hal_gpio.o"
#        "D:\git-my-repos\ARM
#        projects\STM32U5-nucleo-graphics\EWARM\STM32U5-nucleo-graphics\Obj\STM32U5xx_HAL_Driver_18077472236357910042.dir\stm32u5xx_hal_gtzc.o"
#        "D:\git-my-repos\ARM
#        projects\STM32U5-nucleo-graphics\EWARM\STM32U5-nucleo-graphics\Obj\STM32U5xx_HAL_Driver_18077472236357910042.dir\stm32u5xx_hal_i2c.o"
#        "D:\git-my-repos\ARM
#        projects\STM32U5-nucleo-graphics\EWARM\STM32U5-nucleo-graphics\Obj\STM32U5xx_HAL_Driver_18077472236357910042.dir\stm32u5xx_hal_i2c_ex.o"
#        "D:\git-my-repos\ARM
#        projects\STM32U5-nucleo-graphics\EWARM\STM32U5-nucleo-graphics\Obj\STM32U5xx_HAL_Driver_18077472236357910042.dir\stm32u5xx_hal_icache.o"
#        "D:\git-my-repos\ARM
#        projects\STM32U5-nucleo-graphics\EWARM\STM32U5-nucleo-graphics\Obj\STM32U5xx_HAL_Driver_18077472236357910042.dir\stm32u5xx_hal_iwdg.o"
#        "D:\git-my-repos\ARM
#        projects\STM32U5-nucleo-graphics\EWARM\STM32U5-nucleo-graphics\Obj\Core_13247989168731456611.dir\stm32u5xx_hal_msp.o"
#        "D:\git-my-repos\ARM
#        projects\STM32U5-nucleo-graphics\EWARM\STM32U5-nucleo-graphics\Obj\STM32U5xx_HAL_Driver_18077472236357910042.dir\stm32u5xx_hal_pwr.o"
#        "D:\git-my-repos\ARM
#        projects\STM32U5-nucleo-graphics\EWARM\STM32U5-nucleo-graphics\Obj\STM32U5xx_HAL_Driver_18077472236357910042.dir\stm32u5xx_hal_pwr_ex.o"
#        "D:\git-my-repos\ARM
#        projects\STM32U5-nucleo-graphics\EWARM\STM32U5-nucleo-graphics\Obj\STM32U5xx_HAL_Driver_18077472236357910042.dir\stm32u5xx_hal_rcc.o"
#        "D:\git-my-repos\ARM
#        projects\STM32U5-nucleo-graphics\EWARM\STM32U5-nucleo-graphics\Obj\STM32U5xx_HAL_Driver_18077472236357910042.dir\stm32u5xx_hal_rcc_ex.o"
#        "D:\git-my-repos\ARM
#        projects\STM32U5-nucleo-graphics\EWARM\STM32U5-nucleo-graphics\Obj\STM32U5xx_HAL_Driver_18077472236357910042.dir\stm32u5xx_hal_uart.o"
#        "D:\git-my-repos\ARM
#        projects\STM32U5-nucleo-graphics\EWARM\STM32U5-nucleo-graphics\Obj\STM32U5xx_HAL_Driver_18077472236357910042.dir\stm32u5xx_hal_uart_ex.o"
#        "D:\git-my-repos\ARM
#        projects\STM32U5-nucleo-graphics\EWARM\STM32U5-nucleo-graphics\Obj\STM32U5xx_HAL_Driver_18077472236357910042.dir\stm32u5xx_hal_usart.o"
#        "D:\git-my-repos\ARM
#        projects\STM32U5-nucleo-graphics\EWARM\STM32U5-nucleo-graphics\Obj\STM32U5xx_HAL_Driver_18077472236357910042.dir\stm32u5xx_hal_usart_ex.o"
#        "D:\git-my-repos\ARM
#        projects\STM32U5-nucleo-graphics\EWARM\STM32U5-nucleo-graphics\Obj\Core_13247989168731456611.dir\stm32u5xx_it.o"
#        "D:\git-my-repos\ARM
#        projects\STM32U5-nucleo-graphics\EWARM\STM32U5-nucleo-graphics\Obj\STM32U5xx_Nucleo_17360961038387864367.dir\stm32u5xx_nucleo.o"
#        "D:\git-my-repos\ARM
#        projects\STM32U5-nucleo-graphics\EWARM\STM32U5-nucleo-graphics\Obj\CMSIS_6603591812247902717.dir\system_stm32u5xx.o"
#        --redirect _Printf=_PrintfFullNoMb --redirect _Scanf=_ScanfFullNoMb
#        --no_out_extension -o "D:\git-my-repos\ARM
#        projects\STM32U5-nucleo-graphics\EWARM\STM32U5-nucleo-graphics\Exe\STM32U5-nucleo-graphics.out"
#        --map "D:\git-my-repos\ARM
#        projects\STM32U5-nucleo-graphics\EWARM\STM32U5-nucleo-graphics\List\STM32U5-nucleo-graphics.map"
#        --config "D:\git-my-repos\ARM
#        projects\STM32U5-nucleo-graphics\EWARM/stm32u575xx_flash.icf"
#        --semihosting --entry __iar_program_start --vfe --text_out locale
#        --cpu=Cortex-M33.no_dsp.no_se --fpu=VFPv5_sp) --dependencies=n
#        "D:\git-my-repos\ARM
#        projects\STM32U5-nucleo-graphics\EWARM\STM32U5-nucleo-graphics\Exe\STM32U5-nucleo-graphics.out.iar_deps"
#
###############################################################################

*******************************************************************************
*** RUNTIME MODEL ATTRIBUTES
***

CppFlavor       = *
__CPP_Runtime   = 1
__SystemLibrary = DLib
__dlib_version  = 6


*******************************************************************************
*** HEAP SELECTION
***

The basic heap was selected because --advanced_heap
was not specified and the application did not appear to
be primarily optimized for speed.


*******************************************************************************
*** PLACEMENT SUMMARY
***

"A0":  place at address 0x800'0000 { ro section .intvec };
"P1":  place in [from 0x800'0000 to 0x81f'ffff] { ro };
define block CSTACK with size = 1K, alignment = 8 { };
define block HEAP with size = 512, alignment = 8 { };
"P2":  place in [from 0x2000'0000 to 0x200b'ffff] {
          rw, block CSTACK, block HEAP };
initialize by copy { rw };

  Section            Kind         Address  Alignment    Size  Object
  -------            ----         -------  ---------    ----  ------
"A0":                                                  0x238
  .intvec            ro code   0x800'0000          4   0x238  startup_stm32u575xx.o [3]
                             - 0x800'0238              0x238

"P1":                                                 0x46c3
  .text              ro code   0x800'0238          4   0xece  xprintffull_nomb.o [6]
  .text              ro code   0x800'1106          2    0x3a  packbits_init_single.o [8]
  .text              ro code   0x800'1140          4    0x16  strchr.o [8]
  .rodata            const     0x800'1156          2     0x2  xlocale_c.o [6]
  .text              ro code   0x800'1158          4    0x40  xfail_s.o [6]
  .text              ro code   0x800'1198          4    0x36  strlen.o [8]
  .rodata            const     0x800'11ce                0x1  xlocale_c.o [6]
  .text              ro code   0x800'11d0          4    0x58  memchr.o [8]
  .text              ro code   0x800'1228          4    0x18  ABImemcpy_small.o [8]
  .text              ro code   0x800'1240          4    0x70  frexp.o [7]
  .text              ro code   0x800'12b0          4    0x34  DblCmpLe.o [7]
  .text              ro code   0x800'12e4          4    0x34  DblCmpGe.o [7]
  .text              ro code   0x800'1318          4   0x13a  ldexp.o [7]
  .text              ro code   0x800'1454          4    0x36  DblToS32.o [7]
  .text              ro code   0x800'148c          4    0x22  S32ToDbl.o [7]
  .text              ro code   0x800'14b0          4   0x24e  DblAddSub.o [7]
  .text              ro code   0x800'1700          4   0x246  DblDiv.o [7]
  .text              ro code   0x800'1948          4    0x22  DblToU32.o [7]
  .text              ro code   0x800'196c          4    0x1c  U32ToDbl.o [7]
  .text              ro code   0x800'1988          4   0x1aa  DblMul.o [7]
  .text              ro code   0x800'1b34          4     0x8  xlocale_c.o [6]
  .text              ro code   0x800'1b3c          4   0x106  I64DivMod_small.o [8]
  .text              ro code   0x800'1c42          2     0x6  abort.o [6]
  .text              ro code   0x800'1c48          4     0x2  I64DivZer.o [8]
  .text              ro code   0x800'1c4c          4    0x14  exit.o [9]
  .text              ro code   0x800'1c60          4   0xc00  stm32u5xx_hal_rcc.o [4]
  .text              ro code   0x800'2860          4    0x88  stm32u5xx_hal.o [4]
  .text              ro code   0x800'28e8          4     0xc  stm32u5xx_hal.o [4]
  .text              ro code   0x800'28f4          4   0x114  stm32u5xx_hal_pwr_ex.o [4]
  .text              ro code   0x800'2a08          4   0x134  stm32u5xx_hal_cortex.o [4]
  .text              ro code   0x800'2b3c          4   0x9d4  stm32u5xx_hal_rcc_ex.o [4]
  .text              ro code   0x800'3510          4   0x57c  stm32u5xx_hal_uart.o [4]
  .text              ro code   0x800'3a8c          2     0x2  stm32u5xx_hal_uart.o [4]
  .text              ro code   0x800'3a90          4   0x29c  stm32u5xx_nucleo.o [5]
  .text              ro code   0x800'3d2c          4   0x23c  stm32u5xx_hal_gpio.o [4]
  .text              ro code   0x800'3f68          4    0x74  stm32u5xx_hal_exti.o [4]
  .text              ro code   0x800'3fdc          4    0x3c  stm32u5xx_nucleo.o [5]
  .text              ro code   0x800'4018          4   0x1a0  main.o [2]
  .text              ro code   0x800'41b8          4    0x70  stm32u5xx_hal.o [4]
  .text              ro code   0x800'4228          4    0x44  gpio.o [2]
  .text              ro code   0x800'426c          2    0x1e  icache.o [2]
  .text              ro code   0x800'428c          4    0x30  iwdg.o [2]
  .text              ro code   0x800'42bc          4    0x28  printf.o [6]
  .text              ro code   0x800'42e4          2    0x80  stm32u5xx_hal_iwdg.o [4]
  .text              ro code   0x800'4364          4    0x12  ABImemset_small.o [8]
  .text              ro code   0x800'4378          4    0x24  stm32u5xx_hal_msp.o [2]
  .text              ro code   0x800'439c          4    0x38  stm32u5xx_hal_icache.o [4]
  .text              ro code   0x800'43d4          2     0x2  stm32u5xx_hal_iwdg.o [4]
  .rodata            const     0x800'43d8          4    0x80  stm32u5xx_hal_gpio.o [4]
  .text              ro code   0x800'4458          4    0x60  system_stm32u5xx.o [1]
  .text              ro code   0x800'44b8          4    0x44  putchar.o [6]
  .rodata            const     0x800'44fc          4    0x40  system_stm32u5xx.o [1]
  .text              ro code   0x800'453c          2    0x38  zero_init3.o [8]
  .text              ro code   0x800'4574          4    0x28  data_init.o [8]
  .text              ro code   0x800'459c          4    0x22  fpinit_M.o [7]
  .iar.init_table    const     0x800'45c0          4    0x20  - Linker created -
  .text              ro code   0x800'45e0          4    0x1e  cmain.o [8]
  .text              ro code   0x800'45fe          2     0x4  low_level_init.o [6]
  .text              ro code   0x800'4602          2     0x4  exit.o [6]
  .text              ro code   0x800'4608          4     0xa  cexit.o [8]
  .text              ro code   0x800'4614          4    0x1c  startup_stm32u575xx.o [3]
  .text              ro code   0x800'4630          4    0x1c  cstartup_M.o [8]
  .text              ro code   0x800'464c          2    0x1a  stm32u5xx_it.o [2]
  .text              ro code   0x800'4668          4    0x10  stm32u5xx_hal.o [4]
  .text              ro code   0x800'4678          2    0x16  xprout.o [6]
  .rodata            const     0x800'4690          4     0x8  system_stm32u5xx.o [1]
  .text              ro code   0x800'4698          2     0x4  startup_stm32u575xx.o [3]
  .text              ro code   0x800'469c          2     0x4  startup_stm32u575xx.o [3]
  .text              ro code   0x800'46a0          2     0x4  startup_stm32u575xx.o [3]
  .text              ro code   0x800'46a4          2     0x4  startup_stm32u575xx.o [3]
  .text              ro code   0x800'46a8          2     0x4  startup_stm32u575xx.o [3]
  .text              ro code   0x800'46ac          2     0x4  startup_stm32u575xx.o [3]
  .text              ro code   0x800'46b0          2     0x4  startup_stm32u575xx.o [3]
  .text              ro code   0x800'46b4          2     0x4  startup_stm32u575xx.o [3]
  .text              ro code   0x800'46b8          2     0x4  startup_stm32u575xx.o [3]
  .text              ro code   0x800'46bc          2     0x4  startup_stm32u575xx.o [3]
  .text              ro code   0x800'46c0          2     0x4  startup_stm32u575xx.o [3]
  .text              ro code   0x800'46c4          2     0x4  startup_stm32u575xx.o [3]
  .text              ro code   0x800'46c8          2     0x4  startup_stm32u575xx.o [3]
  .text              ro code   0x800'46cc          2     0x4  startup_stm32u575xx.o [3]
  .text              ro code   0x800'46d0          2     0x4  startup_stm32u575xx.o [3]
  .text              ro code   0x800'46d4          2     0x4  startup_stm32u575xx.o [3]
  .text              ro code   0x800'46d8          2     0x4  startup_stm32u575xx.o [3]
  .text              ro code   0x800'46dc          2     0x4  startup_stm32u575xx.o [3]
  .text              ro code   0x800'46e0          2     0x4  startup_stm32u575xx.o [3]
  .text              ro code   0x800'46e4          2     0x4  startup_stm32u575xx.o [3]
  .text              ro code   0x800'46e8          2     0x4  startup_stm32u575xx.o [3]
  .text              ro code   0x800'46ec          2     0x4  startup_stm32u575xx.o [3]
  .text              ro code   0x800'46f0          2     0x4  startup_stm32u575xx.o [3]
  .text              ro code   0x800'46f4          2     0x4  startup_stm32u575xx.o [3]
  .text              ro code   0x800'46f8          2     0x4  startup_stm32u575xx.o [3]
  .text              ro code   0x800'46fc          2     0x4  startup_stm32u575xx.o [3]
  .text              ro code   0x800'4700          2     0x4  startup_stm32u575xx.o [3]
  .text              ro code   0x800'4704          2     0x4  startup_stm32u575xx.o [3]
  .text              ro code   0x800'4708          2     0x4  startup_stm32u575xx.o [3]
  .text              ro code   0x800'470c          2     0x4  startup_stm32u575xx.o [3]
  .text              ro code   0x800'4710          2     0x4  startup_stm32u575xx.o [3]
  .text              ro code   0x800'4714          2     0x4  startup_stm32u575xx.o [3]
  .text              ro code   0x800'4718          2     0x4  startup_stm32u575xx.o [3]
  .text              ro code   0x800'471c          2     0x4  startup_stm32u575xx.o [3]
  .text              ro code   0x800'4720          2     0x4  startup_stm32u575xx.o [3]
  .text              ro code   0x800'4724          2     0x4  startup_stm32u575xx.o [3]
  .text              ro code   0x800'4728          2     0x4  startup_stm32u575xx.o [3]
  .text              ro code   0x800'472c          2     0x4  startup_stm32u575xx.o [3]
  .text              ro code   0x800'4730          2     0x4  startup_stm32u575xx.o [3]
  .text              ro code   0x800'4734          2     0x4  startup_stm32u575xx.o [3]
  .text              ro code   0x800'4738          2     0x4  startup_stm32u575xx.o [3]
  .text              ro code   0x800'473c          2     0x4  startup_stm32u575xx.o [3]
  .text              ro code   0x800'4740          2     0x4  startup_stm32u575xx.o [3]
  .text              ro code   0x800'4744          2     0x4  startup_stm32u575xx.o [3]
  .text              ro code   0x800'4748          2     0x4  startup_stm32u575xx.o [3]
  .text              ro code   0x800'474c          2     0x4  startup_stm32u575xx.o [3]
  .text              ro code   0x800'4750          2     0x4  startup_stm32u575xx.o [3]
  .text              ro code   0x800'4754          2     0x4  startup_stm32u575xx.o [3]
  .text              ro code   0x800'4758          2     0x4  startup_stm32u575xx.o [3]
  .text              ro code   0x800'475c          2     0x4  startup_stm32u575xx.o [3]
  .text              ro code   0x800'4760          2     0x4  startup_stm32u575xx.o [3]
  .text              ro code   0x800'4764          2     0x4  startup_stm32u575xx.o [3]
  .text              ro code   0x800'4768          2     0x4  startup_stm32u575xx.o [3]
  .text              ro code   0x800'476c          2     0x4  startup_stm32u575xx.o [3]
  .text              ro code   0x800'4770          2     0x4  startup_stm32u575xx.o [3]
  .text              ro code   0x800'4774          2     0x4  startup_stm32u575xx.o [3]
  .text              ro code   0x800'4778          2     0x4  startup_stm32u575xx.o [3]
  .text              ro code   0x800'477c          2     0x4  startup_stm32u575xx.o [3]
  .text              ro code   0x800'4780          2     0x4  startup_stm32u575xx.o [3]
  .text              ro code   0x800'4784          2     0x4  startup_stm32u575xx.o [3]
  .text              ro code   0x800'4788          2     0x4  startup_stm32u575xx.o [3]
  .text              ro code   0x800'478c          2     0x4  startup_stm32u575xx.o [3]
  .text              ro code   0x800'4790          2     0x4  startup_stm32u575xx.o [3]
  .text              ro code   0x800'4794          2     0x4  startup_stm32u575xx.o [3]
  .text              ro code   0x800'4798          2     0x4  startup_stm32u575xx.o [3]
  .text              ro code   0x800'479c          2     0x4  startup_stm32u575xx.o [3]
  .text              ro code   0x800'47a0          2     0x4  startup_stm32u575xx.o [3]
  .text              ro code   0x800'47a4          2     0x4  startup_stm32u575xx.o [3]
  .text              ro code   0x800'47a8          2     0x4  startup_stm32u575xx.o [3]
  .text              ro code   0x800'47ac          2     0x4  startup_stm32u575xx.o [3]
  .text              ro code   0x800'47b0          2     0x4  startup_stm32u575xx.o [3]
  .text              ro code   0x800'47b4          2     0x4  startup_stm32u575xx.o [3]
  .text              ro code   0x800'47b8          2     0x4  startup_stm32u575xx.o [3]
  .text              ro code   0x800'47bc          2     0x4  startup_stm32u575xx.o [3]
  .text              ro code   0x800'47c0          2     0x4  startup_stm32u575xx.o [3]
  .text              ro code   0x800'47c4          2     0x4  startup_stm32u575xx.o [3]
  .text              ro code   0x800'47c8          2     0x4  startup_stm32u575xx.o [3]
  .text              ro code   0x800'47cc          2     0x4  startup_stm32u575xx.o [3]
  .text              ro code   0x800'47d0          2     0x4  startup_stm32u575xx.o [3]
  .text              ro code   0x800'47d4          2     0x4  startup_stm32u575xx.o [3]
  .text              ro code   0x800'47d8          2     0x4  startup_stm32u575xx.o [3]
  .text              ro code   0x800'47dc          2     0x4  startup_stm32u575xx.o [3]
  .text              ro code   0x800'47e0          2     0x4  startup_stm32u575xx.o [3]
  .text              ro code   0x800'47e4          2     0x4  startup_stm32u575xx.o [3]
  .text              ro code   0x800'47e8          2     0x4  startup_stm32u575xx.o [3]
  .text              ro code   0x800'47ec          2     0x4  startup_stm32u575xx.o [3]
  .text              ro code   0x800'47f0          2     0x4  startup_stm32u575xx.o [3]
  .text              ro code   0x800'47f4          2     0x4  startup_stm32u575xx.o [3]
  .text              ro code   0x800'47f8          2     0x4  startup_stm32u575xx.o [3]
  .text              ro code   0x800'47fc          2     0x4  startup_stm32u575xx.o [3]
  .text              ro code   0x800'4800          2     0x4  startup_stm32u575xx.o [3]
  .text              ro code   0x800'4804          2     0x4  startup_stm32u575xx.o [3]
  .text              ro code   0x800'4808          2     0x4  startup_stm32u575xx.o [3]
  .text              ro code   0x800'480c          2     0x4  startup_stm32u575xx.o [3]
  .text              ro code   0x800'4810          2     0x4  startup_stm32u575xx.o [3]
  .text              ro code   0x800'4814          2     0x4  startup_stm32u575xx.o [3]
  .text              ro code   0x800'4818          2     0x4  startup_stm32u575xx.o [3]
  .text              ro code   0x800'481c          2     0x4  startup_stm32u575xx.o [3]
  .text              ro code   0x800'4820          2     0x4  startup_stm32u575xx.o [3]
  .text              ro code   0x800'4824          2     0x4  startup_stm32u575xx.o [3]
  .text              ro code   0x800'4828          2     0x4  startup_stm32u575xx.o [3]
  .text              ro code   0x800'482c          2     0x4  startup_stm32u575xx.o [3]
  .text              ro code   0x800'4830          2     0x4  startup_stm32u575xx.o [3]
  .text              ro code   0x800'4834          2     0x4  startup_stm32u575xx.o [3]
  .text              ro code   0x800'4838          2     0x4  startup_stm32u575xx.o [3]
  .text              ro code   0x800'483c          2     0x4  startup_stm32u575xx.o [3]
  .text              ro code   0x800'4840          2     0x4  startup_stm32u575xx.o [3]
  .text              ro code   0x800'4844          2     0x4  startup_stm32u575xx.o [3]
  .text              ro code   0x800'4848          2     0x4  startup_stm32u575xx.o [3]
  .text              ro code   0x800'484c          2     0x4  startup_stm32u575xx.o [3]
  .text              ro code   0x800'4850          2     0x4  startup_stm32u575xx.o [3]
  .text              ro code   0x800'4854          2     0x4  startup_stm32u575xx.o [3]
  .text              ro code   0x800'4858          2     0x4  startup_stm32u575xx.o [3]
  .text              ro code   0x800'485c          2     0x4  startup_stm32u575xx.o [3]
  .text              ro code   0x800'4860          2     0x4  startup_stm32u575xx.o [3]
  .text              ro code   0x800'4864          2     0x4  startup_stm32u575xx.o [3]
  .text              ro code   0x800'4868          2     0x4  startup_stm32u575xx.o [3]
  .text              ro code   0x800'486c          2     0x4  startup_stm32u575xx.o [3]
  .text              ro code   0x800'4870          2     0x4  startup_stm32u575xx.o [3]
  .text              ro code   0x800'4874          2     0x4  startup_stm32u575xx.o [3]
  .text              ro code   0x800'4878          2     0x4  startup_stm32u575xx.o [3]
  .rodata            const     0x800'487c                0x0  zero_init3.o [8]
  .rodata            const     0x800'487c                0x0  packbits_init_single.o [8]
  Initializer bytes  const     0x800'487c               0x7f  <for P2-1>
                             - 0x800'48fb             0x46c3

"P2", part 1 of 3:                                      0xb8
  P2-1                        0x2000'0000               0xb8  <Init block>
    .data            inited   0x2000'0000          4     0xc  stm32u5xx_hal.o [4]
    .data            inited   0x2000'000c          4    0x18  stm32u5xx_nucleo.o [5]
    .data            inited   0x2000'0024          4     0x4  stm32u5xx_nucleo.o [5]
    .data            inited   0x2000'0028          4     0xc  stm32u5xx_nucleo.o [5]
    .data            inited   0x2000'0034          4     0x4  system_stm32u5xx.o [1]
    .data            inited   0x2000'0038          4    0x38  xlocale_c.o [6]
    .data            inited   0x2000'0070          4    0x48  xfiles.o [6]
                            - 0x2000'00b8               0xb8

"P2", part 2 of 3:                                     0x11c
  .bss               zero     0x2000'00b8          4    0x94  stm32u5xx_nucleo.o [5]
  .bss               zero     0x2000'014c          4    0x50  xfiles.o [6]
  .bss               zero     0x2000'019c          4    0x1c  main.o [2]
  .bss               zero     0x2000'01b8          4    0x14  iwdg.o [2]
  .bss               zero     0x2000'01cc          4     0x4  xfail_s.o [6]
  .bss               zero     0x2000'01d0                0x1  stm32u5xx_nucleo.o [5]
                            - 0x2000'01d1              0x119

"P2", part 3 of 3:                                     0x400
  CSTACK                      0x2000'01d8          8   0x400  <Block>
    CSTACK           uninit   0x2000'01d8              0x400  <Block tail>
                            - 0x2000'05d8              0x400

Unused ranges:

         From           To       Size
         ----           --       ----
   0x800'48fb   0x81f'ffff  0x1f'b705
  0x2000'01d4  0x2000'01d7        0x4
  0x2000'05d8  0x200b'ffff   0xb'fa28


*******************************************************************************
*** INIT TABLE
***

          Address      Size
          -------      ----
Zero (__iar_zero_init3)
    1 destination range, total size 0x119:
          0x2000'00b8  0x119

Copy/packbits (__iar_packbits_init_single3)
    1 source range, total size 0x7f (69% of destination):
           0x800'487c   0x7f
    1 destination range, total size 0xb8:
          0x2000'0000   0xb8



*******************************************************************************
*** MODULE SUMMARY
***

    Module                  ro code  ro data  rw data
    ------                  -------  -------  -------
command line/config:
    -------------------------------------------------
    Total:

D:\git-my-repos\ARM projects\STM32U5-nucleo-graphics\EWARM\STM32U5-nucleo-graphics\Obj\CMSIS_6603591812247902717.dir: [1]
    system_stm32u5xx.o           96       75        4
    -------------------------------------------------
    Total:                       96       75        4

D:\git-my-repos\ARM projects\STM32U5-nucleo-graphics\EWARM\STM32U5-nucleo-graphics\Obj\Core_13247989168731456611.dir: [2]
    gpio.o                       68
    icache.o                     30
    iwdg.o                       48                20
    main.o                      416                28
    stm32u5xx_hal_msp.o          36
    stm32u5xx_it.o               26
    -------------------------------------------------
    Total:                      624                48

D:\git-my-repos\ARM projects\STM32U5-nucleo-graphics\EWARM\STM32U5-nucleo-graphics\Obj\EWARM_18443280873093131863.dir: [3]
    startup_stm32u575xx.o     1'080
    -------------------------------------------------
    Total:                    1'080

D:\git-my-repos\ARM projects\STM32U5-nucleo-graphics\EWARM\STM32U5-nucleo-graphics\Obj\STM32U5xx_HAL_Driver_18077472236357910042.dir: [4]
    stm32u5xx_hal.o             276        8       12
    stm32u5xx_hal_cortex.o      308
    stm32u5xx_hal_exti.o        116
    stm32u5xx_hal_gpio.o        572      128
    stm32u5xx_hal_icache.o       56
    stm32u5xx_hal_iwdg.o        130
    stm32u5xx_hal_pwr_ex.o      276
    stm32u5xx_hal_rcc.o       3'072
    stm32u5xx_hal_rcc_ex.o    2'516
    stm32u5xx_hal_uart.o      1'406
    -------------------------------------------------
    Total:                    8'728      136       12

D:\git-my-repos\ARM projects\STM32U5-nucleo-graphics\EWARM\STM32U5-nucleo-graphics\Obj\STM32U5xx_Nucleo_17360961038387864367.dir: [5]
    stm32u5xx_nucleo.o          728       27      189
    -------------------------------------------------
    Total:                      728       27      189

dl7M_tlf.a: [6]
    abort.o                       6
    exit.o                        4
    low_level_init.o              4
    printf.o                     40
    putchar.o                    68
    xfail_s.o                    64                 4
    xfiles.o                              49      152
    xlocale_c.o                   8       42       56
    xprintffull_nomb.o        3'790
    xprout.o                     22
    -------------------------------------------------
    Total:                    4'006       91      212

m7M_tls.a: [7]
    DblAddSub.o                 590
    DblCmpGe.o                   52
    DblCmpLe.o                   52
    DblDiv.o                    582
    DblMul.o                    426
    DblToS32.o                   54
    DblToU32.o                   34
    S32ToDbl.o                   34
    U32ToDbl.o                   28
    fpinit_M.o                   34
    frexp.o                     112
    ldexp.o                     314
    -------------------------------------------------
    Total:                    2'312

rt7M_tl.a: [8]
    ABImemcpy_small.o            24
    ABImemset_small.o            18
    I64DivMod_small.o           262
    I64DivZer.o                   2
    cexit.o                      10
    cmain.o                      30
    cstartup_M.o                 28
    data_init.o                  40
    memchr.o                     88
    packbits_init_single.o       58
    strchr.o                     22
    strlen.o                     54
    zero_init3.o                 56
    -------------------------------------------------
    Total:                      692

shb_l.a: [9]
    exit.o                       20
    -------------------------------------------------
    Total:                       20

    Gaps                         29        6
    Linker created                        33    1'024
-----------------------------------------------------
    Grand Total:             18'315      368    1'489


*******************************************************************************
*** ENTRY LIST
***

Entry                       Address   Size  Type      Object
-----                       -------   ----  ----      ------
.iar.init_table$$Base    0x800'45c0          --   Gb  - Linker created -
.iar.init_table$$Limit   0x800'45e0          --   Gb  - Linker created -
?main                    0x800'45e1         Code  Gb  cmain.o [8]
ADC1_IRQHandler          0x800'4729         Code  Wk  startup_stm32u575xx.o [3]
ADC4_IRQHandler          0x800'4849         Code  Wk  startup_stm32u575xx.o [3]
ADF1_IRQHandler          0x800'4845         Code  Wk  startup_stm32u575xx.o [3]
AHBPrescTable            0x800'44a8   0x10  Data  Gb  system_stm32u5xx.o [1]
APBPrescTable            0x800'4690    0x8  Data  Gb  system_stm32u5xx.o [1]
BSP_COM_Init             0x800'3c29   0x80  Code  Gb  stm32u5xx_nucleo.o [5]
BSP_LED_Init             0x800'3a91   0xa2  Code  Gb  stm32u5xx_nucleo.o [5]
BSP_LED_On               0x800'3b33   0x22  Code  Gb  stm32u5xx_nucleo.o [5]
BSP_LED_Toggle           0x800'3b65   0x28  Code  Gb  stm32u5xx_nucleo.o [5]
BSP_PB_Callback          0x800'4187    0xa  Code  Gb  main.o [2]
BSP_PB_IRQHandler        0x800'3c19   0x10  Code  Gb  stm32u5xx_nucleo.o [5]
BSP_PB_Init              0x800'3b8d   0x82  Code  Gb  stm32u5xx_nucleo.o [5]
BSP_PB_Init::BSP_BUTTON_PRIO
                        0x2000'0014    0x4  Data  Lc  stm32u5xx_nucleo.o [5]
BSP_PB_Init::BUTTON_EXTI_LINE
                         0x800'3d28    0x4  Data  Lc  stm32u5xx_nucleo.o [5]
BSP_PB_Init::ButtonCallback
                        0x2000'0010    0x4  Data  Lc  stm32u5xx_nucleo.o [5]
BUTTON_IRQn              0x800'3d24    0x1  Data  Lc  stm32u5xx_nucleo.o [5]
BUTTON_PIN               0x800'3d20    0x2  Data  Lc  stm32u5xx_nucleo.o [5]
BUTTON_PORT             0x2000'000c    0x4  Data  Lc  stm32u5xx_nucleo.o [5]
BUTTON_USER_EXTI_Callback
                         0x800'3d11    0x6  Code  Lc  stm32u5xx_nucleo.o [5]
BspButtonState          0x2000'01ac    0x4  Data  Gb  main.o [2]
BspCOMInit              0x2000'019c   0x10  Data  Gb  main.o [2]
BusFault_Handler         0x800'4653    0x2  Code  Gb  stm32u5xx_it.o [2]
COMP_IRQHandler          0x800'47b5         Code  Wk  startup_stm32u575xx.o [3]
COM_ActiveLogPort       0x2000'01d0    0x1  Data  Lc  stm32u5xx_nucleo.o [5]
COM_USART               0x2000'0024    0x4  Data  Gb  stm32u5xx_nucleo.o [5]
CORDIC_IRQHandler        0x800'4871         Code  Wk  startup_stm32u575xx.o [3]
CRS_IRQHandler           0x800'47bd         Code  Wk  startup_stm32u575xx.o [3]
CSTACK$$Base            0x2000'01d8          --   Gb  - Linker created -
CSTACK$$Limit           0x2000'05d8          --   Gb  - Linker created -
DAC1_IRQHandler          0x800'472d         Code  Wk  startup_stm32u575xx.o [3]
DCACHE1_IRQHandler       0x800'4841         Code  Wk  startup_stm32u575xx.o [3]
DCMI_PSSI_IRQHandler     0x800'4861         Code  Wk  startup_stm32u575xx.o [3]
DMA2D_IRQHandler         0x800'485d         Code  Wk  startup_stm32u575xx.o [3]
DebugMon_Handler         0x800'4659    0x2  Code  Gb  stm32u5xx_it.o [2]
EXTI0_IRQHandler         0x800'46c9         Code  Wk  startup_stm32u575xx.o [3]
EXTI10_IRQHandler        0x800'46f1         Code  Wk  startup_stm32u575xx.o [3]
EXTI11_IRQHandler        0x800'46f5         Code  Wk  startup_stm32u575xx.o [3]
EXTI12_IRQHandler        0x800'46f9         Code  Wk  startup_stm32u575xx.o [3]
EXTI13_IRQHandler        0x800'4661    0x6  Code  Gb  stm32u5xx_it.o [2]
EXTI14_IRQHandler        0x800'46fd         Code  Wk  startup_stm32u575xx.o [3]
EXTI15_IRQHandler        0x800'4701         Code  Wk  startup_stm32u575xx.o [3]
EXTI1_IRQHandler         0x800'46cd         Code  Wk  startup_stm32u575xx.o [3]
EXTI2_IRQHandler         0x800'46d1         Code  Wk  startup_stm32u575xx.o [3]
EXTI3_IRQHandler         0x800'46d5         Code  Wk  startup_stm32u575xx.o [3]
EXTI4_IRQHandler         0x800'46d9         Code  Wk  startup_stm32u575xx.o [3]
EXTI5_IRQHandler         0x800'46dd         Code  Wk  startup_stm32u575xx.o [3]
EXTI6_IRQHandler         0x800'46e1         Code  Wk  startup_stm32u575xx.o [3]
EXTI7_IRQHandler         0x800'46e5         Code  Wk  startup_stm32u575xx.o [3]
EXTI8_IRQHandler         0x800'46e9         Code  Wk  startup_stm32u575xx.o [3]
EXTI9_IRQHandler         0x800'46ed         Code  Wk  startup_stm32u575xx.o [3]
Error_Handler            0x800'4199    0x4  Code  Gb  main.o [2]
FDCAN1_IT0_IRQHandler    0x800'4731         Code  Wk  startup_stm32u575xx.o [3]
FDCAN1_IT1_IRQHandler    0x800'4735         Code  Wk  startup_stm32u575xx.o [3]
FLASH_IRQHandler         0x800'46b5         Code  Wk  startup_stm32u575xx.o [3]
FLASH_S_IRQHandler       0x800'46b9         Code  Wk  startup_stm32u575xx.o [3]
FMAC_IRQHandler          0x800'4875         Code  Wk  startup_stm32u575xx.o [3]
FMC_IRQHandler           0x800'47c1         Code  Wk  startup_stm32u575xx.o [3]
FPU_IRQHandler           0x800'480d         Code  Wk  startup_stm32u575xx.o [3]
GPDMA1_Channel0_IRQHandler
                         0x800'4709         Code  Wk  startup_stm32u575xx.o [3]
GPDMA1_Channel10_IRQHandler
                         0x800'47dd         Code  Wk  startup_stm32u575xx.o [3]
GPDMA1_Channel11_IRQHandler
                         0x800'47e1         Code  Wk  startup_stm32u575xx.o [3]
GPDMA1_Channel12_IRQHandler
                         0x800'47e5         Code  Wk  startup_stm32u575xx.o [3]
GPDMA1_Channel13_IRQHandler
                         0x800'47e9         Code  Wk  startup_stm32u575xx.o [3]
GPDMA1_Channel14_IRQHandler
                         0x800'47ed         Code  Wk  startup_stm32u575xx.o [3]
GPDMA1_Channel15_IRQHandler
                         0x800'47f1         Code  Wk  startup_stm32u575xx.o [3]
GPDMA1_Channel1_IRQHandler
                         0x800'470d         Code  Wk  startup_stm32u575xx.o [3]
GPDMA1_Channel2_IRQHandler
                         0x800'4711         Code  Wk  startup_stm32u575xx.o [3]
GPDMA1_Channel3_IRQHandler
                         0x800'4715         Code  Wk  startup_stm32u575xx.o [3]
GPDMA1_Channel4_IRQHandler
                         0x800'4719         Code  Wk  startup_stm32u575xx.o [3]
GPDMA1_Channel5_IRQHandler
                         0x800'471d         Code  Wk  startup_stm32u575xx.o [3]
GPDMA1_Channel6_IRQHandler
                         0x800'4721         Code  Wk  startup_stm32u575xx.o [3]
GPDMA1_Channel7_IRQHandler
                         0x800'4725         Code  Wk  startup_stm32u575xx.o [3]
GPDMA1_Channel8_IRQHandler
                         0x800'47d5         Code  Wk  startup_stm32u575xx.o [3]
GPDMA1_Channel9_IRQHandler
                         0x800'47d9         Code  Wk  startup_stm32u575xx.o [3]
GTZC_IRQHandler          0x800'46bd         Code  Wk  startup_stm32u575xx.o [3]
HAL_DBGMCU_EnableDBGStandbyMode
                         0x800'4207    0x4  Code  Gb  stm32u5xx_hal.o [4]
HAL_DBGMCU_EnableDBGStopMode
                         0x800'41fb    0xc  Code  Gb  stm32u5xx_hal.o [4]
HAL_EXTI_GetHandle       0x800'3f87    0xc  Code  Gb  stm32u5xx_hal_exti.o [4]
HAL_EXTI_IRQHandler      0x800'3f93   0x42  Code  Gb  stm32u5xx_hal_exti.o [4]
HAL_EXTI_RegisterCallback
                         0x800'3f69   0x1e  Code  Gb  stm32u5xx_hal_exti.o [4]
HAL_GPIO_Init            0x800'3d2d  0x206  Code  Gb  stm32u5xx_hal_gpio.o [4]
HAL_GPIO_TogglePin       0x800'3f3d   0x10  Code  Gb  stm32u5xx_hal_gpio.o [4]
HAL_GPIO_WritePin        0x800'3f33    0xa  Code  Gb  stm32u5xx_hal_gpio.o [4]
HAL_GetTick              0x800'28e9    0xc  Code  Wk  stm32u5xx_hal.o [4]
HAL_ICACHE_ConfigAssociativityMode
                         0x800'439d   0x18  Code  Gb  stm32u5xx_hal_icache.o [4]
HAL_ICACHE_Enable        0x800'43b5    0xe  Code  Gb  stm32u5xx_hal_icache.o [4]
HAL_IWDG_Init            0x800'42e5   0x74  Code  Gb  stm32u5xx_hal_iwdg.o [4]
HAL_IWDG_MspInit         0x800'43d5    0x2  Code  Wk  stm32u5xx_hal_iwdg.o [4]
HAL_IWDG_Refresh         0x800'4359    0xc  Code  Gb  stm32u5xx_hal_iwdg.o [4]
HAL_IncTick              0x800'4669   0x10  Code  Wk  stm32u5xx_hal.o [4]
HAL_Init                 0x800'41b9   0x42  Code  Gb  stm32u5xx_hal.o [4]
HAL_InitTick             0x800'2861   0x88  Code  Wk  stm32u5xx_hal.o [4]
HAL_MspInit              0x800'4379   0x24  Code  Gb  stm32u5xx_hal_msp.o [2]
HAL_NVIC_EnableIRQ       0x800'2a6d   0x16  Code  Gb  stm32u5xx_hal_cortex.o [4]
HAL_NVIC_SetPriority     0x800'2a1d   0x4e  Code  Gb  stm32u5xx_hal_cortex.o [4]
HAL_NVIC_SetPriorityGrouping
                         0x800'2a09   0x14  Code  Gb  stm32u5xx_hal_cortex.o [4]
HAL_PWREx_ConfigSupply   0x800'2979   0x5a  Code  Gb  stm32u5xx_hal_pwr_ex.o [4]
HAL_PWREx_ControlVoltageScaling
                         0x800'28f5   0x78  Code  Gb  stm32u5xx_hal_pwr_ex.o [4]
HAL_PWREx_DisableUCPDDeadBattery
                         0x800'29e1    0x6  Code  Gb  stm32u5xx_hal_pwr_ex.o [4]
HAL_PWREx_EnableVddIO2   0x800'29d3    0xe  Code  Gb  stm32u5xx_hal_pwr_ex.o [4]
HAL_PWREx_GetVoltageRange
                         0x800'296d    0xc  Code  Gb  stm32u5xx_hal_pwr_ex.o [4]
HAL_RCCEx_GetPLL1ClockFreq
                         0x800'2b3d   0x96  Code  Gb  stm32u5xx_hal_rcc_ex.o [4]
HAL_RCCEx_GetPLL2ClockFreq
                         0x800'2bd5   0x94  Code  Gb  stm32u5xx_hal_rcc_ex.o [4]
HAL_RCCEx_GetPLL3ClockFreq
                         0x800'2d51   0x96  Code  Gb  stm32u5xx_hal_rcc_ex.o [4]
HAL_RCCEx_GetPeriphCLKFreq
                         0x800'2df5  0x6f8  Code  Gb  stm32u5xx_hal_rcc_ex.o [4]
HAL_RCC_ClockConfig      0x800'23db  0x1f4  Code  Gb  stm32u5xx_hal_rcc.o [4]
HAL_RCC_GetHCLKFreq      0x800'2721   0x1a  Code  Gb  stm32u5xx_hal_rcc.o [4]
HAL_RCC_GetPCLK1Freq     0x800'273b    0xa  Code  Gb  stm32u5xx_hal_rcc.o [4]
HAL_RCC_GetPCLK2Freq     0x800'2745   0x12  Code  Gb  stm32u5xx_hal_rcc.o [4]
HAL_RCC_GetPCLK3Freq     0x800'275d    0x8  Code  Gb  stm32u5xx_hal_rcc.o [4]
HAL_RCC_GetSysClockFreq
                         0x800'2635   0xec  Code  Gb  stm32u5xx_hal_rcc.o [4]
HAL_RCC_OscConfig        0x800'1c61  0x6dc  Code  Gb  stm32u5xx_hal_rcc.o [4]
HAL_SYSTICK_CLKSourceConfig
                         0x800'2aa9   0x4c  Code  Gb  stm32u5xx_hal_cortex.o [4]
HAL_SYSTICK_Config       0x800'2a83   0x24  Code  Gb  stm32u5xx_hal_cortex.o [4]
HAL_SYSTICK_GetCLKSourceConfig
                         0x800'2af5   0x2e  Code  Gb  stm32u5xx_hal_cortex.o [4]
HAL_UART_Init            0x800'3511   0x34  Code  Gb  stm32u5xx_hal_uart.o [4]
HAL_UART_MspInit         0x800'3a8d    0x2  Code  Wk  stm32u5xx_hal_uart.o [4]
HAL_UART_Transmit        0x800'3599   0xbc  Code  Gb  stm32u5xx_hal_uart.o [4]
HASH_IRQHandler          0x800'4811         Code  Wk  startup_stm32u575xx.o [3]
HardFault_Handler        0x800'464f    0x2  Code  Gb  stm32u5xx_it.o [2]
I2C1_ER_IRQHandler       0x800'4775         Code  Wk  startup_stm32u575xx.o [3]
I2C1_EV_IRQHandler       0x800'4771         Code  Wk  startup_stm32u575xx.o [3]
I2C2_ER_IRQHandler       0x800'477d         Code  Wk  startup_stm32u575xx.o [3]
I2C2_EV_IRQHandler       0x800'4779         Code  Wk  startup_stm32u575xx.o [3]
I2C3_ER_IRQHandler       0x800'47f9         Code  Wk  startup_stm32u575xx.o [3]
I2C3_EV_IRQHandler       0x800'47f5         Code  Wk  startup_stm32u575xx.o [3]
I2C4_ER_IRQHandler       0x800'481d         Code  Wk  startup_stm32u575xx.o [3]
I2C4_EV_IRQHandler       0x800'4821         Code  Wk  startup_stm32u575xx.o [3]
ICACHE_IRQHandler        0x800'4839         Code  Wk  startup_stm32u575xx.o [3]
IWDG_IRQHandler          0x800'4705         Code  Wk  startup_stm32u575xx.o [3]
LED_PIN                  0x800'3d18    0x8  Data  Lc  stm32u5xx_nucleo.o [5]
LED_PORT                0x2000'0028    0xc  Data  Lc  stm32u5xx_nucleo.o [5]
LPDMA1_Channel0_IRQHandler
                         0x800'484d         Code  Wk  startup_stm32u575xx.o [3]
LPDMA1_Channel1_IRQHandler
                         0x800'4851         Code  Wk  startup_stm32u575xx.o [3]
LPDMA1_Channel2_IRQHandler
                         0x800'4855         Code  Wk  startup_stm32u575xx.o [3]
LPDMA1_Channel3_IRQHandler
                         0x800'4859         Code  Wk  startup_stm32u575xx.o [3]
LPGPIO_Map               0x800'43d8   0x80  Data  Lc  stm32u5xx_hal_gpio.o [4]
LPTIM1_IRQHandler        0x800'47a1         Code  Wk  startup_stm32u575xx.o [3]
LPTIM2_IRQHandler        0x800'47a5         Code  Wk  startup_stm32u575xx.o [3]
LPTIM3_IRQHandler        0x800'4815         Code  Wk  startup_stm32u575xx.o [3]
LPTIM4_IRQHandler        0x800'483d         Code  Wk  startup_stm32u575xx.o [3]
LPUART1_IRQHandler       0x800'479d         Code  Wk  startup_stm32u575xx.o [3]
LSECSSD_IRQHandler       0x800'4879         Code  Wk  startup_stm32u575xx.o [3]
MDF1_FLT0_IRQHandler     0x800'4825         Code  Wk  startup_stm32u575xx.o [3]
MDF1_FLT1_IRQHandler     0x800'4829         Code  Wk  startup_stm32u575xx.o [3]
MDF1_FLT2_IRQHandler     0x800'482d         Code  Wk  startup_stm32u575xx.o [3]
MDF1_FLT3_IRQHandler     0x800'4831         Code  Wk  startup_stm32u575xx.o [3]
MDF1_FLT4_IRQHandler     0x800'4869         Code  Wk  startup_stm32u575xx.o [3]
MDF1_FLT5_IRQHandler     0x800'486d         Code  Wk  startup_stm32u575xx.o [3]
MSIRangeTable            0x800'44fc   0x40  Data  Gb  system_stm32u5xx.o [1]
MX_GPIO_Init             0x800'4229   0x44  Code  Gb  gpio.o [2]
MX_ICACHE_Init           0x800'426d   0x1e  Code  Gb  icache.o [2]
MX_IWDG_Init             0x800'428d   0x30  Code  Gb  iwdg.o [2]
MX_USART1_Init           0x800'3fdd   0x3c  Code  Wk  stm32u5xx_nucleo.o [5]
MemManage_Handler        0x800'4651    0x2  Code  Gb  stm32u5xx_it.o [2]
NMI_Handler              0x800'464d    0x2  Code  Gb  stm32u5xx_it.o [2]
OCTOSPI1_IRQHandler      0x800'47c5         Code  Wk  startup_stm32u575xx.o [3]
OCTOSPI2_IRQHandler      0x800'4865         Code  Wk  startup_stm32u575xx.o [3]
OTG_FS_IRQHandler        0x800'47b9         Code  Wk  startup_stm32u575xx.o [3]
PVD_PVM_IRQHandler       0x800'46a1         Code  Wk  startup_stm32u575xx.o [3]
PWR_S3WU_IRQHandler      0x800'47c9         Code  Wk  startup_stm32u575xx.o [3]
PendSV_Handler           0x800'465b    0x2  Code  Gb  stm32u5xx_it.o [2]
RAMCFG_IRQHandler        0x800'46b1         Code  Wk  startup_stm32u575xx.o [3]
RCC_IRQHandler           0x800'46c1         Code  Wk  startup_stm32u575xx.o [3]
RCC_S_IRQHandler         0x800'46c5         Code  Wk  startup_stm32u575xx.o [3]
RCC_SetFlashLatencyFromMSIRange
                         0x800'278d   0x98  Code  Lc  stm32u5xx_hal_rcc.o [4]
RNG_IRQHandler           0x800'4809         Code  Wk  startup_stm32u575xx.o [3]
RTC_IRQHandler           0x800'46a5         Code  Wk  startup_stm32u575xx.o [3]
RTC_S_IRQHandler         0x800'46a9         Code  Wk  startup_stm32u575xx.o [3]
Region$$Table$$Base      0x800'45c0          --   Gb  - Linker created -
Region$$Table$$Limit     0x800'45e0          --   Gb  - Linker created -
Reset_Handler            0x800'4615         Code  Wk  startup_stm32u575xx.o [3]
SAI1_IRQHandler          0x800'47fd         Code  Wk  startup_stm32u575xx.o [3]
SAI2_IRQHandler          0x800'4801         Code  Wk  startup_stm32u575xx.o [3]
SDMMC1_IRQHandler        0x800'47cd         Code  Wk  startup_stm32u575xx.o [3]
SDMMC2_IRQHandler        0x800'47d1         Code  Wk  startup_stm32u575xx.o [3]
SPI1_IRQHandler          0x800'4781         Code  Wk  startup_stm32u575xx.o [3]
SPI2_IRQHandler          0x800'4785         Code  Wk  startup_stm32u575xx.o [3]
SPI3_IRQHandler          0x800'4819         Code  Wk  startup_stm32u575xx.o [3]
SVC_Handler              0x800'4657    0x2  Code  Gb  stm32u5xx_it.o [2]
SecureFault_Handler      0x800'4699         Code  Wk  startup_stm32u575xx.o [3]
SysTick_Handler          0x800'465d    0x4  Code  Gb  stm32u5xx_it.o [2]
SystemClock_Config       0x800'40f7   0x90  Code  Gb  main.o [2]
SystemCoreClock         0x2000'0034    0x4  Data  Gb  system_stm32u5xx.o [1]
SystemInit               0x800'4459   0x3e  Code  Gb  system_stm32u5xx.o [1]
TAMP_IRQHandler          0x800'46ad         Code  Wk  startup_stm32u575xx.o [3]
TIM15_IRQHandler         0x800'47a9         Code  Wk  startup_stm32u575xx.o [3]
TIM16_IRQHandler         0x800'47ad         Code  Wk  startup_stm32u575xx.o [3]
TIM17_IRQHandler         0x800'47b1         Code  Wk  startup_stm32u575xx.o [3]
TIM1_BRK_IRQHandler      0x800'4739         Code  Wk  startup_stm32u575xx.o [3]
TIM1_CC_IRQHandler       0x800'4745         Code  Wk  startup_stm32u575xx.o [3]
TIM1_TRG_COM_IRQHandler
                         0x800'4741         Code  Wk  startup_stm32u575xx.o [3]
TIM1_UP_IRQHandler       0x800'473d         Code  Wk  startup_stm32u575xx.o [3]
TIM2_IRQHandler          0x800'4749         Code  Wk  startup_stm32u575xx.o [3]
TIM3_IRQHandler          0x800'474d         Code  Wk  startup_stm32u575xx.o [3]
TIM4_IRQHandler          0x800'4751         Code  Wk  startup_stm32u575xx.o [3]
TIM5_IRQHandler          0x800'4755         Code  Wk  startup_stm32u575xx.o [3]
TIM6_IRQHandler          0x800'4759         Code  Wk  startup_stm32u575xx.o [3]
TIM7_IRQHandler          0x800'475d         Code  Wk  startup_stm32u575xx.o [3]
TIM8_BRK_IRQHandler      0x800'4761         Code  Wk  startup_stm32u575xx.o [3]
TIM8_CC_IRQHandler       0x800'476d         Code  Wk  startup_stm32u575xx.o [3]
TIM8_TRG_COM_IRQHandler
                         0x800'4769         Code  Wk  startup_stm32u575xx.o [3]
TIM8_UP_IRQHandler       0x800'4765         Code  Wk  startup_stm32u575xx.o [3]
TSC_IRQHandler           0x800'4805         Code  Wk  startup_stm32u575xx.o [3]
UART4_IRQHandler         0x800'4795         Code  Wk  startup_stm32u575xx.o [3]
UART5_IRQHandler         0x800'4799         Code  Wk  startup_stm32u575xx.o [3]
UARTPrescTable           0x800'37ec   0x18  Data  Gb  stm32u5xx_hal_uart.o [4]
UART_AdvFeatureConfig    0x800'3813   0xc6  Code  Gb  stm32u5xx_hal_uart.o [4]
UART_CheckIdleState      0x800'38d9   0x8e  Code  Gb  stm32u5xx_hal_uart.o [4]
UART_EndRxTransfer       0x800'3a07   0x58  Code  Lc  stm32u5xx_hal_uart.o [4]
UART_SetConfig           0x800'3691  0x15c  Code  Gb  stm32u5xx_hal_uart.o [4]
UART_WaitOnFlagUntilTimeout
                         0x800'3973   0x94  Code  Gb  stm32u5xx_hal_uart.o [4]
UCPD1_IRQHandler         0x800'4835         Code  Wk  startup_stm32u575xx.o [3]
USART1_IRQHandler        0x800'4789         Code  Wk  startup_stm32u575xx.o [3]
USART2_IRQHandler        0x800'478d         Code  Wk  startup_stm32u575xx.o [3]
USART3_IRQHandler        0x800'4791         Code  Wk  startup_stm32u575xx.o [3]
UsageFault_Handler       0x800'4655    0x2  Code  Gb  stm32u5xx_it.o [2]
WWDG_IRQHandler          0x800'469d         Code  Wk  startup_stm32u575xx.o [3]
_LC                      0x800'0239    0x6  Code  Lc  xprintffull_nomb.o [6]
_LitobFullNoMb           0x800'0f25  0x114  Code  Lc  xprintffull_nomb.o [6]
_Locale_lconv           0x2000'0038   0x38  Data  Lc  xlocale_c.o [6]
_PrintfFullNoMb          0x800'023f  0xcb8  Code  Gb  xprintffull_nomb.o [6]
_Prout                   0x800'4679   0x16  Code  Gb  xprout.o [6]
_PutcharsFullNoMb        0x800'1091   0x2e  Code  Lc  xprintffull_nomb.o [6]
__Vectors                0x800'0000          --   Gb  startup_stm32u575xx.o [3]
__Vectors_End            0x800'0238         Data  Gb  startup_stm32u575xx.o [3]
__Vectors_Size {Abs}          0x238          --   Gb  startup_stm32u575xx.o [3]
__aeabi_cdcmple          0x800'12b1         Code  Gb  DblCmpLe.o [7]
__aeabi_cdrcmple         0x800'12e5         Code  Gb  DblCmpGe.o [7]
__aeabi_d2iz             0x800'1455         Code  Gb  DblToS32.o [7]
__aeabi_d2uiz            0x800'1949         Code  Gb  DblToU32.o [7]
__aeabi_ddiv             0x800'1701         Code  Gb  DblDiv.o [7]
__aeabi_dmul             0x800'1989         Code  Gb  DblMul.o [7]
__aeabi_dsub             0x800'161d         Code  Gb  DblAddSub.o [7]
__aeabi_i2d              0x800'148d         Code  Gb  S32ToDbl.o [7]
__aeabi_ldiv0            0x800'1c49         Code  Gb  I64DivZer.o [8]
__aeabi_ui2d             0x800'196d         Code  Gb  U32ToDbl.o [7]
__cmain                  0x800'45e1         Code  Gb  cmain.o [8]
__exit                   0x800'1c4d   0x14  Code  Gb  exit.o [9]
__iar_Fail_s             0x800'1159   0x1c  Code  Gb  xfail_s.o [6]
__iar_Memchr             0x800'11d1         Code  Gb  memchr.o [8]
__iar_Stdout            0x2000'0070   0x48  Data  Gb  xfiles.o [6]
__iar_Strchr             0x800'1141         Code  Gb  strchr.o [8]
__iar_data_init3         0x800'4575   0x28  Code  Gb  data_init.o [8]
__iar_frexp              0x800'124d         Code  Gb  frexp.o [7]
__iar_frexpl             0x800'124d         Code  Gb  frexp.o [7]
__iar_init_vfp           0x800'459d         Code  Gb  fpinit_M.o [7]
__iar_ldexp64            0x800'1319         Code  Gb  ldexp.o [7]
__iar_packbits_init_single3
                         0x800'1107   0x3a  Code  Gb  packbits_init_single.o [8]
__iar_program_start      0x800'4631         Code  Gb  cstartup_M.o [8]
__iar_scalbln64          0x800'1319         Code  Gb  ldexp.o [7]
__iar_scalbn64           0x800'1319         Code  Gb  ldexp.o [7]
__iar_small_Memcpy       0x800'122d         Code  Gb  ABImemcpy_small.o [8]
__iar_small_Memset       0x800'4365         Code  Gb  ABImemset_small.o [8]
__iar_small_Memset_word
                         0x800'4365         Code  Gb  ABImemset_small.o [8]
__iar_small_memcpy       0x800'1229         Code  Gb  ABImemcpy_small.o [8]
__iar_small_memcpy4      0x800'1229         Code  Gb  ABImemcpy_small.o [8]
__iar_small_memcpy8      0x800'1229         Code  Gb  ABImemcpy_small.o [8]
__iar_small_memset       0x800'4365         Code  Gb  ABImemset_small.o [8]
__iar_small_uldivmod     0x800'1b3d         Code  Gb  I64DivMod_small.o [8]
__iar_softfp___iar_frexp64
                         0x800'1241         Code  Gb  frexp.o [7]
__iar_softfp_frexp       0x800'1241         Code  Gb  frexp.o [7]
__iar_softfp_frexpl      0x800'1241         Code  Gb  frexp.o [7]
__iar_zero_init3         0x800'453d   0x38  Code  Gb  zero_init3.o [8]
__low_level_init         0x800'45ff    0x4  Code  Gb  low_level_init.o [6]
__vector_table           0x800'0000         Data  Gb  startup_stm32u575xx.o [3]
__write                  0x800'3cb5   0x1c  Code  Gb  stm32u5xx_nucleo.o [5]
_call_main               0x800'45ed         Code  Gb  cmain.o [8]
_exit                    0x800'4609         Code  Gb  cexit.o [8]
abort                    0x800'1c43    0x6  Code  Gb  abort.o [6]
exit                     0x800'4603    0x4  Code  Gb  exit.o [6]
hcom_uart               0x2000'00b8   0x94  Data  Gb  stm32u5xx_nucleo.o [5]
hiwdg                   0x2000'01b8   0x14  Data  Gb  iwdg.o [2]
hpb_exti                0x2000'0018    0xc  Data  Gb  stm32u5xx_nucleo.o [5]
iar_fputc                0x800'3cd1   0x20  Code  Gb  stm32u5xx_nucleo.o [5]
ldexp                    0x800'1319         Code  Gb  ldexp.o [7]
ldexpl                   0x800'1319         Code  Gb  ldexp.o [7]
localeconv               0x800'1b35    0x4  Code  Gb  xlocale_c.o [6]
main                     0x800'4019   0xde  Code  Gb  main.o [2]
main::loopCount         0x2000'01b4    0x4  Data  Lc  main.o [2]
memchr                   0x800'11d1         Code  Gb  memchr.o [8]
nextTick                0x2000'01b0    0x4  Data  Lc  main.o [2]
obuf                    0x2000'014c   0x50  Data  Lc  xfiles.o [6]
printf                   0x800'42bd   0x28  Code  Gb  printf.o [6]
putchar                  0x800'44b9   0x44  Code  Gb  putchar.o [6]
scalbln                  0x800'1319         Code  Gb  ldexp.o [7]
scalblnl                 0x800'1319         Code  Gb  ldexp.o [7]
scalbn                   0x800'1319         Code  Gb  ldexp.o [7]
scalbnl                  0x800'1319         Code  Gb  ldexp.o [7]
scale                    0x800'1039   0x46  Code  Lc  xprintffull_nomb.o [6]
sec_hand                0x2000'01cc    0x4  Data  Lc  xfail_s.o [6]
strchr                   0x800'1141         Code  Gb  strchr.o [8]
strlen                   0x800'1199         Code  Gb  strlen.o [8]
uwTick                  0x2000'0004    0x4  Data  Gb  stm32u5xx_hal.o [4]
uwTickFreq              0x2000'0000    0x1  Data  Gb  stm32u5xx_hal.o [4]
uwTickPrio              0x2000'0008    0x4  Data  Gb  stm32u5xx_hal.o [4]


[1] = D:\git-my-repos\ARM projects\STM32U5-nucleo-graphics\EWARM\STM32U5-nucleo-graphics\Obj\CMSIS_6603591812247902717.dir
[2] = D:\git-my-repos\ARM projects\STM32U5-nucleo-graphics\EWARM\STM32U5-nucleo-graphics\Obj\Core_13247989168731456611.dir
[3] = D:\git-my-repos\ARM projects\STM32U5-nucleo-graphics\EWARM\STM32U5-nucleo-graphics\Obj\EWARM_18443280873093131863.dir
[4] = D:\git-my-repos\ARM projects\STM32U5-nucleo-graphics\EWARM\STM32U5-nucleo-graphics\Obj\STM32U5xx_HAL_Driver_18077472236357910042.dir
[5] = D:\git-my-repos\ARM projects\STM32U5-nucleo-graphics\EWARM\STM32U5-nucleo-graphics\Obj\STM32U5xx_Nucleo_17360961038387864367.dir
[6] = dl7M_tlf.a
[7] = m7M_tls.a
[8] = rt7M_tl.a
[9] = shb_l.a

  18'315 bytes of readonly  code memory
     368 bytes of readonly  data memory
   1'489 bytes of readwrite data memory

Errors: none
Warnings: none
