###############################################################################
#
# IAR ELF Linker V9.60.4.438/W64 for ARM                  18/Aug/2026  18:16:29
# Copyright 2007-2025 IAR Systems AB.
#
#    Output file  =
#        D:\git-my-repos\ARM
#        projects\STM32U5-nucleo-graphics\EWARM\STM32U5-nucleo-graphics\Exe\STM32U5-nucleo-graphics.out
#    Map file     =
#        D:\git-my-repos\ARM
#        projects\STM32U5-nucleo-graphics\EWARM\STM32U5-nucleo-graphics\List\STM32U5-nucleo-graphics.map
#    Command line =
#        -f "D:\git-my-repos\ARM
#        projects\STM32U5-nucleo-graphics\EWARM\STM32U5-nucleo-graphics\Exe\STM32U5-nucleo-graphics.out.rsp"
#        ("D:\git-my-repos\ARM
#        projects\STM32U5-nucleo-graphics\EWARM\STM32U5-nucleo-graphics\Obj\Core_13247989168731456611.dir\gpio.o"
#        "D:\git-my-repos\ARM
#        projects\STM32U5-nucleo-graphics\EWARM\STM32U5-nucleo-graphics\Obj\Core_13247989168731456611.dir\icache.o"
#        "D:\git-my-repos\ARM
#        projects\STM32U5-nucleo-graphics\EWARM\STM32U5-nucleo-graphics\Obj\Core_13247989168731456611.dir\iwdg.o"
#        "D:\git-my-repos\ARM
#        projects\STM32U5-nucleo-graphics\EWARM\STM32U5-nucleo-graphics\Obj\Core_13247989168731456611.dir\main.o"
#        "D:\git-my-repos\ARM
#        projects\STM32U5-nucleo-graphics\EWARM\STM32U5-nucleo-graphics\Obj\EWARM_18443280873093131863.dir\startup_stm32u575xx.o"
#        "D:\git-my-repos\ARM
#        projects\STM32U5-nucleo-graphics\EWARM\STM32U5-nucleo-graphics\Obj\STM32U5xx_HAL_Driver_18077472236357910042.dir\stm32u5xx_hal.o"
#        "D:\git-my-repos\ARM
#        projects\STM32U5-nucleo-graphics\EWARM\STM32U5-nucleo-graphics\Obj\STM32U5xx_HAL_Driver_18077472236357910042.dir\stm32u5xx_hal_cortex.o"
#        "D:\git-my-repos\ARM
#        projects\STM32U5-nucleo-graphics\EWARM\STM32U5-nucleo-graphics\Obj\STM32U5xx_HAL_Driver_18077472236357910042.dir\stm32u5xx_hal_dma.o"
#        "D:\git-my-repos\ARM
#        projects\STM32U5-nucleo-graphics\EWARM\STM32U5-nucleo-graphics\Obj\STM32U5xx_HAL_Driver_18077472236357910042.dir\stm32u5xx_hal_dma_ex.o"
#        "D:\git-my-repos\ARM
#        projects\STM32U5-nucleo-graphics\EWARM\STM32U5-nucleo-graphics\Obj\STM32U5xx_HAL_Driver_18077472236357910042.dir\stm32u5xx_hal_exti.o"
#        "D:\git-my-repos\ARM
#        projects\STM32U5-nucleo-graphics\EWARM\STM32U5-nucleo-graphics\Obj\STM32U5xx_HAL_Driver_18077472236357910042.dir\stm32u5xx_hal_flash.o"
#        "D:\git-my-repos\ARM
#        projects\STM32U5-nucleo-graphics\EWARM\STM32U5-nucleo-graphics\Obj\STM32U5xx_HAL_Driver_18077472236357910042.dir\stm32u5xx_hal_flash_ex.o"
#        "D:\git-my-repos\ARM
#        projects\STM32U5-nucleo-graphics\EWARM\STM32U5-nucleo-graphics\Obj\STM32U5xx_HAL_Driver_18077472236357910042.dir\stm32u5xx_hal_gpio.o"
#        "D:\git-my-repos\ARM
#        projects\STM32U5-nucleo-graphics\EWARM\STM32U5-nucleo-graphics\Obj\STM32U5xx_HAL_Driver_18077472236357910042.dir\stm32u5xx_hal_gtzc.o"
#        "D:\git-my-repos\ARM
#        projects\STM32U5-nucleo-graphics\EWARM\STM32U5-nucleo-graphics\Obj\STM32U5xx_HAL_Driver_18077472236357910042.dir\stm32u5xx_hal_i2c.o"
#        "D:\git-my-repos\ARM
#        projects\STM32U5-nucleo-graphics\EWARM\STM32U5-nucleo-graphics\Obj\STM32U5xx_HAL_Driver_18077472236357910042.dir\stm32u5xx_hal_i2c_ex.o"
#        "D:\git-my-repos\ARM
#        projects\STM32U5-nucleo-graphics\EWARM\STM32U5-nucleo-graphics\Obj\STM32U5xx_HAL_Driver_18077472236357910042.dir\stm32u5xx_hal_icache.o"
#        "D:\git-my-repos\ARM
#        projects\STM32U5-nucleo-graphics\EWARM\STM32U5-nucleo-graphics\Obj\STM32U5xx_HAL_Driver_18077472236357910042.dir\stm32u5xx_hal_iwdg.o"
#        "D:\git-my-repos\ARM
#        projects\STM32U5-nucleo-graphics\EWARM\STM32U5-nucleo-graphics\Obj\Core_13247989168731456611.dir\stm32u5xx_hal_msp.o"
#        "D:\git-my-repos\ARM
#        projects\STM32U5-nucleo-graphics\EWARM\STM32U5-nucleo-graphics\Obj\STM32U5xx_HAL_Driver_18077472236357910042.dir\stm32u5xx_hal_pwr.o"
#        "D:\git-my-repos\ARM
#        projects\STM32U5-nucleo-graphics\EWARM\STM32U5-nucleo-graphics\Obj\STM32U5xx_HAL_Driver_18077472236357910042.dir\stm32u5xx_hal_pwr_ex.o"
#        "D:\git-my-repos\ARM
#        projects\STM32U5-nucleo-graphics\EWARM\STM32U5-nucleo-graphics\Obj\STM32U5xx_HAL_Driver_18077472236357910042.dir\stm32u5xx_hal_rcc.o"
#        "D:\git-my-repos\ARM
#        projects\STM32U5-nucleo-graphics\EWARM\STM32U5-nucleo-graphics\Obj\STM32U5xx_HAL_Driver_18077472236357910042.dir\stm32u5xx_hal_rcc_ex.o"
#        "D:\git-my-repos\ARM
#        projects\STM32U5-nucleo-graphics\EWARM\STM32U5-nucleo-graphics\Obj\STM32U5xx_HAL_Driver_18077472236357910042.dir\stm32u5xx_hal_uart.o"
#        "D:\git-my-repos\ARM
#        projects\STM32U5-nucleo-graphics\EWARM\STM32U5-nucleo-graphics\Obj\STM32U5xx_HAL_Driver_18077472236357910042.dir\stm32u5xx_hal_uart_ex.o"
#        "D:\git-my-repos\ARM
#        projects\STM32U5-nucleo-graphics\EWARM\STM32U5-nucleo-graphics\Obj\STM32U5xx_HAL_Driver_18077472236357910042.dir\stm32u5xx_hal_usart.o"
#        "D:\git-my-repos\ARM
#        projects\STM32U5-nucleo-graphics\EWARM\STM32U5-nucleo-graphics\Obj\STM32U5xx_HAL_Driver_18077472236357910042.dir\stm32u5xx_hal_usart_ex.o"
#        "D:\git-my-repos\ARM
#        projects\STM32U5-nucleo-graphics\EWARM\STM32U5-nucleo-graphics\Obj\Core_13247989168731456611.dir\stm32u5xx_it.o"
#        "D:\git-my-repos\ARM
#        projects\STM32U5-nucleo-graphics\EWARM\STM32U5-nucleo-graphics\Obj\STM32U5xx_Nucleo_17360961038387864367.dir\stm32u5xx_nucleo.o"
#        "D:\git-my-repos\ARM
#        projects\STM32U5-nucleo-graphics\EWARM\STM32U5-nucleo-graphics\Obj\CMSIS_6603591812247902717.dir\system_stm32u5xx.o"
#        --no_out_extension -o "D:\git-my-repos\ARM
#        projects\STM32U5-nucleo-graphics\EWARM\STM32U5-nucleo-graphics\Exe\STM32U5-nucleo-graphics.out"
#        --map "D:\git-my-repos\ARM
#        projects\STM32U5-nucleo-graphics\EWARM\STM32U5-nucleo-graphics\List\STM32U5-nucleo-graphics.map"
#        --config "D:\git-my-repos\ARM
#        projects\STM32U5-nucleo-graphics\EWARM/stm32u575xx_flash.icf"
#        --semihosting --entry __iar_program_start
#        C:\iar\ewarm-9.60.4\arm\CMSIS\Lib\IAR\iar_ARMv8MMLlfsp_math.a --vfe
#        --text_out locale --cpu=Cortex-M33.no_dsp.no_se --fpu=VFPv5_sp)
#        --dependencies=n "D:\git-my-repos\ARM
#        projects\STM32U5-nucleo-graphics\EWARM\STM32U5-nucleo-graphics\Exe\STM32U5-nucleo-graphics.out.iar_deps"
#
###############################################################################

*******************************************************************************
*** RUNTIME MODEL ATTRIBUTES
***

CppFlavor       = *
__CPP_Runtime   = 1
__SystemLibrary = DLib
__dlib_version  = 6


*******************************************************************************
*** HEAP SELECTION
***

The basic heap was selected because no calls to memory allocation
functions were found in the application outside of system library
functions, there are calls to deallocation functions in the
application, and the application appears to be primarily
optimized for speed.


*******************************************************************************
*** PLACEMENT SUMMARY
***

"A0":  place at address 0x800'0000 { ro section .intvec };
"P1":  place in [from 0x800'0000 to 0x81f'ffff] { ro };
define block CSTACK with size = 1K, alignment = 8 { };
define block HEAP with size = 512, alignment = 8 { };
"P2":  place in [from 0x2000'0000 to 0x200b'ffff] {
          rw, block CSTACK, block HEAP };
initialize by copy { rw };

  Section            Kind         Address  Alignment    Size  Object
  -------            ----         -------  ---------    ----  ------
"A0":                                                  0x238
  .intvec            ro code   0x800'0000          4   0x238  startup_stm32u575xx.o [3]
                             - 0x800'0238              0x238

"P1":                                                 0x3adf
  .text              ro code   0x800'0238          4  0x108c  stm32u5xx_hal_rcc_ex.o [4]
  .text              ro code   0x800'12c4          4   0xe1c  stm32u5xx_hal_rcc.o [4]
  .text              ro code   0x800'20e0          4    0xa4  stm32u5xx_hal.o [4]
  .text              ro code   0x800'2184          4     0xc  stm32u5xx_hal.o [4]
  .text              ro code   0x800'2190          4   0x120  stm32u5xx_hal_pwr_ex.o [4]
  .text              ro code   0x800'22b0          4   0x178  stm32u5xx_hal_cortex.o [4]
  .text              ro code   0x800'2428          4   0x5ac  stm32u5xx_hal_uart.o [4]
  .text              ro code   0x800'29d4          2     0x2  stm32u5xx_hal_uart.o [4]
  .text              ro code   0x800'29d6          2    0x3a  packbits_init_single.o [8]
  .text              ro code   0x800'2a10          4   0x230  I64DivMod.o [8]
  .text              ro code   0x800'2c40          4     0x2  I64DivZer.o [8]
  .text              ro code   0x800'2c44          4   0x2f4  stm32u5xx_nucleo.o [5]
  .text              ro code   0x800'2f38          4   0x254  stm32u5xx_hal_gpio.o [4]
  .text              ro code   0x800'318c          4    0x7c  stm32u5xx_hal_exti.o [4]
  .text              ro code   0x800'3208          4    0x38  stm32u5xx_nucleo.o [5]
  .text              ro code   0x800'3240          4   0x200  main.o [2]
  .text              ro code   0x800'3440          2    0x90  stm32u5xx_hal_iwdg.o [4]
  .text              ro code   0x800'34d0          4    0x9c  stm32u5xx_hal.o [4]
  .text              ro code   0x800'356c          4    0x44  gpio.o [2]
  .text              ro code   0x800'35b0          2    0x22  icache.o [2]
  .text              ro code   0x800'35d4          4    0x34  iwdg.o [2]
  .text              ro code   0x800'3608          4    0x28  printf.o [6]
  .text              ro code   0x800'3630          4    0x66  ABImemset.o [8]
  .text              ro code   0x800'3696          2     0x2  stm32u5xx_hal_iwdg.o [4]
  .text              ro code   0x800'3698          4    0x24  stm32u5xx_hal_msp.o [2]
  .text              ro code   0x800'36bc          4    0x30  stm32u5xx_hal_icache.o [4]
  .text              ro code   0x800'36ec          2   0x13a  xprintftiny.o [6]
  .text              ro code   0x800'3828          4    0x36  strlen.o [8]
  .rodata            const     0x800'3860          4    0x80  stm32u5xx_hal_gpio.o [4]
  .text              ro code   0x800'38e0          4    0x5c  system_stm32u5xx.o [1]
  .rodata            const     0x800'393c          4    0x40  system_stm32u5xx.o [1]
  .text              ro code   0x800'397c          2    0x38  zero_init3.o [8]
  .text              ro code   0x800'39b4          4    0x28  data_init.o [8]
  .text              ro code   0x800'39dc          4    0x22  fpinit_M.o [7]
  .iar.init_table    const     0x800'3a00          4    0x20  - Linker created -
  .text              ro code   0x800'3a20          2    0x20  putchar.o [6]
  .text              ro code   0x800'3a40          4    0x1e  cmain.o [8]
  .text              ro code   0x800'3a5e          2     0x4  low_level_init.o [6]
  .text              ro code   0x800'3a62          2     0x4  exit.o [6]
  .text              ro code   0x800'3a68          4     0xa  cexit.o [8]
  .text              ro code   0x800'3a74          4    0x14  exit.o [9]
  .text              ro code   0x800'3a88          4    0x1c  startup_stm32u575xx.o [3]
  .text              ro code   0x800'3aa4          4    0x1c  cstartup_M.o [8]
  .text              ro code   0x800'3ac0          2    0x1a  stm32u5xx_it.o [2]
  .text              ro code   0x800'3adc          4    0x10  stm32u5xx_hal.o [4]
  .text              ro code   0x800'3aec          2    0x16  xprout.o [6]
  .rodata            const     0x800'3b04          4     0x8  system_stm32u5xx.o [1]
  .text              ro code   0x800'3b0c          2     0x4  startup_stm32u575xx.o [3]
  .text              ro code   0x800'3b10          2     0x4  startup_stm32u575xx.o [3]
  .text              ro code   0x800'3b14          2     0x4  startup_stm32u575xx.o [3]
  .text              ro code   0x800'3b18          2     0x4  startup_stm32u575xx.o [3]
  .text              ro code   0x800'3b1c          2     0x4  startup_stm32u575xx.o [3]
  .text              ro code   0x800'3b20          2     0x4  startup_stm32u575xx.o [3]
  .text              ro code   0x800'3b24          2     0x4  startup_stm32u575xx.o [3]
  .text              ro code   0x800'3b28          2     0x4  startup_stm32u575xx.o [3]
  .text              ro code   0x800'3b2c          2     0x4  startup_stm32u575xx.o [3]
  .text              ro code   0x800'3b30          2     0x4  startup_stm32u575xx.o [3]
  .text              ro code   0x800'3b34          2     0x4  startup_stm32u575xx.o [3]
  .text              ro code   0x800'3b38          2     0x4  startup_stm32u575xx.o [3]
  .text              ro code   0x800'3b3c          2     0x4  startup_stm32u575xx.o [3]
  .text              ro code   0x800'3b40          2     0x4  startup_stm32u575xx.o [3]
  .text              ro code   0x800'3b44          2     0x4  startup_stm32u575xx.o [3]
  .text              ro code   0x800'3b48          2     0x4  startup_stm32u575xx.o [3]
  .text              ro code   0x800'3b4c          2     0x4  startup_stm32u575xx.o [3]
  .text              ro code   0x800'3b50          2     0x4  startup_stm32u575xx.o [3]
  .text              ro code   0x800'3b54          2     0x4  startup_stm32u575xx.o [3]
  .text              ro code   0x800'3b58          2     0x4  startup_stm32u575xx.o [3]
  .text              ro code   0x800'3b5c          2     0x4  startup_stm32u575xx.o [3]
  .text              ro code   0x800'3b60          2     0x4  startup_stm32u575xx.o [3]
  .text              ro code   0x800'3b64          2     0x4  startup_stm32u575xx.o [3]
  .text              ro code   0x800'3b68          2     0x4  startup_stm32u575xx.o [3]
  .text              ro code   0x800'3b6c          2     0x4  startup_stm32u575xx.o [3]
  .text              ro code   0x800'3b70          2     0x4  startup_stm32u575xx.o [3]
  .text              ro code   0x800'3b74          2     0x4  startup_stm32u575xx.o [3]
  .text              ro code   0x800'3b78          2     0x4  startup_stm32u575xx.o [3]
  .text              ro code   0x800'3b7c          2     0x4  startup_stm32u575xx.o [3]
  .text              ro code   0x800'3b80          2     0x4  startup_stm32u575xx.o [3]
  .text              ro code   0x800'3b84          2     0x4  startup_stm32u575xx.o [3]
  .text              ro code   0x800'3b88          2     0x4  startup_stm32u575xx.o [3]
  .text              ro code   0x800'3b8c          2     0x4  startup_stm32u575xx.o [3]
  .text              ro code   0x800'3b90          2     0x4  startup_stm32u575xx.o [3]
  .text              ro code   0x800'3b94          2     0x4  startup_stm32u575xx.o [3]
  .text              ro code   0x800'3b98          2     0x4  startup_stm32u575xx.o [3]
  .text              ro code   0x800'3b9c          2     0x4  startup_stm32u575xx.o [3]
  .text              ro code   0x800'3ba0          2     0x4  startup_stm32u575xx.o [3]
  .text              ro code   0x800'3ba4          2     0x4  startup_stm32u575xx.o [3]
  .text              ro code   0x800'3ba8          2     0x4  startup_stm32u575xx.o [3]
  .text              ro code   0x800'3bac          2     0x4  startup_stm32u575xx.o [3]
  .text              ro code   0x800'3bb0          2     0x4  startup_stm32u575xx.o [3]
  .text              ro code   0x800'3bb4          2     0x4  startup_stm32u575xx.o [3]
  .text              ro code   0x800'3bb8          2     0x4  startup_stm32u575xx.o [3]
  .text              ro code   0x800'3bbc          2     0x4  startup_stm32u575xx.o [3]
  .text              ro code   0x800'3bc0          2     0x4  startup_stm32u575xx.o [3]
  .text              ro code   0x800'3bc4          2     0x4  startup_stm32u575xx.o [3]
  .text              ro code   0x800'3bc8          2     0x4  startup_stm32u575xx.o [3]
  .text              ro code   0x800'3bcc          2     0x4  startup_stm32u575xx.o [3]
  .text              ro code   0x800'3bd0          2     0x4  startup_stm32u575xx.o [3]
  .text              ro code   0x800'3bd4          2     0x4  startup_stm32u575xx.o [3]
  .text              ro code   0x800'3bd8          2     0x4  startup_stm32u575xx.o [3]
  .text              ro code   0x800'3bdc          2     0x4  startup_stm32u575xx.o [3]
  .text              ro code   0x800'3be0          2     0x4  startup_stm32u575xx.o [3]
  .text              ro code   0x800'3be4          2     0x4  startup_stm32u575xx.o [3]
  .text              ro code   0x800'3be8          2     0x4  startup_stm32u575xx.o [3]
  .text              ro code   0x800'3bec          2     0x4  startup_stm32u575xx.o [3]
  .text              ro code   0x800'3bf0          2     0x4  startup_stm32u575xx.o [3]
  .text              ro code   0x800'3bf4          2     0x4  startup_stm32u575xx.o [3]
  .text              ro code   0x800'3bf8          2     0x4  startup_stm32u575xx.o [3]
  .text              ro code   0x800'3bfc          2     0x4  startup_stm32u575xx.o [3]
  .text              ro code   0x800'3c00          2     0x4  startup_stm32u575xx.o [3]
  .text              ro code   0x800'3c04          2     0x4  startup_stm32u575xx.o [3]
  .text              ro code   0x800'3c08          2     0x4  startup_stm32u575xx.o [3]
  .text              ro code   0x800'3c0c          2     0x4  startup_stm32u575xx.o [3]
  .text              ro code   0x800'3c10          2     0x4  startup_stm32u575xx.o [3]
  .text              ro code   0x800'3c14          2     0x4  startup_stm32u575xx.o [3]
  .text              ro code   0x800'3c18          2     0x4  startup_stm32u575xx.o [3]
  .text              ro code   0x800'3c1c          2     0x4  startup_stm32u575xx.o [3]
  .text              ro code   0x800'3c20          2     0x4  startup_stm32u575xx.o [3]
  .text              ro code   0x800'3c24          2     0x4  startup_stm32u575xx.o [3]
  .text              ro code   0x800'3c28          2     0x4  startup_stm32u575xx.o [3]
  .text              ro code   0x800'3c2c          2     0x4  startup_stm32u575xx.o [3]
  .text              ro code   0x800'3c30          2     0x4  startup_stm32u575xx.o [3]
  .text              ro code   0x800'3c34          2     0x4  startup_stm32u575xx.o [3]
  .text              ro code   0x800'3c38          2     0x4  startup_stm32u575xx.o [3]
  .text              ro code   0x800'3c3c          2     0x4  startup_stm32u575xx.o [3]
  .text              ro code   0x800'3c40          2     0x4  startup_stm32u575xx.o [3]
  .text              ro code   0x800'3c44          2     0x4  startup_stm32u575xx.o [3]
  .text              ro code   0x800'3c48          2     0x4  startup_stm32u575xx.o [3]
  .text              ro code   0x800'3c4c          2     0x4  startup_stm32u575xx.o [3]
  .text              ro code   0x800'3c50          2     0x4  startup_stm32u575xx.o [3]
  .text              ro code   0x800'3c54          2     0x4  startup_stm32u575xx.o [3]
  .text              ro code   0x800'3c58          2     0x4  startup_stm32u575xx.o [3]
  .text              ro code   0x800'3c5c          2     0x4  startup_stm32u575xx.o [3]
  .text              ro code   0x800'3c60          2     0x4  startup_stm32u575xx.o [3]
  .text              ro code   0x800'3c64          2     0x4  startup_stm32u575xx.o [3]
  .text              ro code   0x800'3c68          2     0x4  startup_stm32u575xx.o [3]
  .text              ro code   0x800'3c6c          2     0x4  startup_stm32u575xx.o [3]
  .text              ro code   0x800'3c70          2     0x4  startup_stm32u575xx.o [3]
  .text              ro code   0x800'3c74          2     0x4  startup_stm32u575xx.o [3]
  .text              ro code   0x800'3c78          2     0x4  startup_stm32u575xx.o [3]
  .text              ro code   0x800'3c7c          2     0x4  startup_stm32u575xx.o [3]
  .text              ro code   0x800'3c80          2     0x4  startup_stm32u575xx.o [3]
  .text              ro code   0x800'3c84          2     0x4  startup_stm32u575xx.o [3]
  .text              ro code   0x800'3c88          2     0x4  startup_stm32u575xx.o [3]
  .text              ro code   0x800'3c8c          2     0x4  startup_stm32u575xx.o [3]
  .text              ro code   0x800'3c90          2     0x4  startup_stm32u575xx.o [3]
  .text              ro code   0x800'3c94          2     0x4  startup_stm32u575xx.o [3]
  .text              ro code   0x800'3c98          2     0x4  startup_stm32u575xx.o [3]
  .text              ro code   0x800'3c9c          2     0x4  startup_stm32u575xx.o [3]
  .text              ro code   0x800'3ca0          2     0x4  startup_stm32u575xx.o [3]
  .text              ro code   0x800'3ca4          2     0x4  startup_stm32u575xx.o [3]
  .text              ro code   0x800'3ca8          2     0x4  startup_stm32u575xx.o [3]
  .text              ro code   0x800'3cac          2     0x4  startup_stm32u575xx.o [3]
  .text              ro code   0x800'3cb0          2     0x4  startup_stm32u575xx.o [3]
  .text              ro code   0x800'3cb4          2     0x4  startup_stm32u575xx.o [3]
  .text              ro code   0x800'3cb8          2     0x4  startup_stm32u575xx.o [3]
  .text              ro code   0x800'3cbc          2     0x4  startup_stm32u575xx.o [3]
  .text              ro code   0x800'3cc0          2     0x4  startup_stm32u575xx.o [3]
  .text              ro code   0x800'3cc4          2     0x4  startup_stm32u575xx.o [3]
  .text              ro code   0x800'3cc8          2     0x4  startup_stm32u575xx.o [3]
  .text              ro code   0x800'3ccc          2     0x4  startup_stm32u575xx.o [3]
  .text              ro code   0x800'3cd0          2     0x4  startup_stm32u575xx.o [3]
  .text              ro code   0x800'3cd4          2     0x4  startup_stm32u575xx.o [3]
  .text              ro code   0x800'3cd8          2     0x4  startup_stm32u575xx.o [3]
  .text              ro code   0x800'3cdc          2     0x4  startup_stm32u575xx.o [3]
  .text              ro code   0x800'3ce0          2     0x4  startup_stm32u575xx.o [3]
  .text              ro code   0x800'3ce4          2     0x4  startup_stm32u575xx.o [3]
  .text              ro code   0x800'3ce8          2     0x4  startup_stm32u575xx.o [3]
  .text              ro code   0x800'3cec          2     0x4  startup_stm32u575xx.o [3]
  .rodata            const     0x800'3cf0                0x0  zero_init3.o [8]
  .rodata            const     0x800'3cf0                0x0  packbits_init_single.o [8]
  Initializer bytes  const     0x800'3cf0               0x27  <for P2-1>
                             - 0x800'3d17             0x3adf

"P2", part 1 of 3:                                      0x38
  P2-1                        0x2000'0000               0x38  <Init block>
    .data            inited   0x2000'0000          4     0xc  stm32u5xx_hal.o [4]
    .data            inited   0x2000'000c          4    0x18  stm32u5xx_nucleo.o [5]
    .data            inited   0x2000'0024          4     0x4  stm32u5xx_nucleo.o [5]
    .data            inited   0x2000'0028          4     0xc  stm32u5xx_nucleo.o [5]
    .data            inited   0x2000'0034          4     0x4  system_stm32u5xx.o [1]
                            - 0x2000'0038               0x38

"P2", part 2 of 3:                                      0xdc
  .bss               zero     0x2000'0038          4    0x94  stm32u5xx_nucleo.o [5]
  .bss               zero     0x2000'00cc          4    0x30  main.o [2]
  .bss               zero     0x2000'00fc          4    0x14  iwdg.o [2]
  .bss               zero     0x2000'0110                0x1  stm32u5xx_nucleo.o [5]
                            - 0x2000'0111               0xd9

"P2", part 3 of 3:                                     0x400
  CSTACK                      0x2000'0118          8   0x400  <Block>
    CSTACK           uninit   0x2000'0118              0x400  <Block tail>
                            - 0x2000'0518              0x400

Unused ranges:

         From           To       Size
         ----           --       ----
   0x800'3d17   0x81f'ffff  0x1f'c2e9
  0x2000'0114  0x2000'0117        0x4
  0x2000'0518  0x200b'ffff   0xb'fae8


*******************************************************************************
*** INIT TABLE
***

          Address      Size
          -------      ----
Zero (__iar_zero_init3)
    1 destination range, total size 0xd9:
          0x2000'0038  0xd9

Copy/packbits (__iar_packbits_init_single3)
    1 source range, total size 0x27 (69% of destination):
           0x800'3cf0  0x27
    1 destination range, total size 0x38:
          0x2000'0000  0x38



*******************************************************************************
*** MODULE SUMMARY
***

    Module                  ro code  ro data  rw data
    ------                  -------  -------  -------
command line/config:
    -------------------------------------------------
    Total:

D:\git-my-repos\ARM projects\STM32U5-nucleo-graphics\EWARM\STM32U5-nucleo-graphics\Obj\CMSIS_6603591812247902717.dir: [1]
    system_stm32u5xx.o           92       75        4
    -------------------------------------------------
    Total:                       92       75        4

D:\git-my-repos\ARM projects\STM32U5-nucleo-graphics\EWARM\STM32U5-nucleo-graphics\Obj\Core_13247989168731456611.dir: [2]
    gpio.o                       68
    icache.o                     34
    iwdg.o                       52                20
    main.o                      512                48
    stm32u5xx_hal_msp.o          36
    stm32u5xx_it.o               26
    -------------------------------------------------
    Total:                      728                68

D:\git-my-repos\ARM projects\STM32U5-nucleo-graphics\EWARM\STM32U5-nucleo-graphics\Obj\EWARM_18443280873093131863.dir: [3]
    startup_stm32u575xx.o     1'080
    -------------------------------------------------
    Total:                    1'080

D:\git-my-repos\ARM projects\STM32U5-nucleo-graphics\EWARM\STM32U5-nucleo-graphics\Obj\STM32U5xx_HAL_Driver_18077472236357910042.dir: [4]
    stm32u5xx_hal.o             348        8       12
    stm32u5xx_hal_cortex.o      376
    stm32u5xx_hal_exti.o        124
    stm32u5xx_hal_gpio.o        596      128
    stm32u5xx_hal_icache.o       48
    stm32u5xx_hal_iwdg.o        146
    stm32u5xx_hal_pwr_ex.o      288
    stm32u5xx_hal_rcc.o       3'612
    stm32u5xx_hal_rcc_ex.o    4'236
    stm32u5xx_hal_uart.o      1'454
    -------------------------------------------------
    Total:                   11'228      136       12

D:\git-my-repos\ARM projects\STM32U5-nucleo-graphics\EWARM\STM32U5-nucleo-graphics\Obj\STM32U5xx_Nucleo_17360961038387864367.dir: [5]
    stm32u5xx_nucleo.o          812       28      189
    -------------------------------------------------
    Total:                      812       28      189

dl7M_tln.a: [6]
    exit.o                        4
    low_level_init.o              4
    printf.o                     40
    putchar.o                    32
    xprintftiny.o               314
    xprout.o                     22
    -------------------------------------------------
    Total:                      416

m7M_tls.a: [7]
    fpinit_M.o                   34
    -------------------------------------------------
    Total:                       34

rt7M_tl.a: [8]
    ABImemset.o                 102
    I64DivMod.o                 560
    I64DivZer.o                   2
    cexit.o                      10
    cmain.o                      30
    cstartup_M.o                 28
    data_init.o                  40
    packbits_init_single.o       58
    strlen.o                     54
    zero_init3.o                 56
    -------------------------------------------------
    Total:                      940

shb_l.a: [9]
    exit.o                       20
    -------------------------------------------------
    Total:                       20

    Gaps                         12        6
    Linker created                        32    1'024
-----------------------------------------------------
    Grand Total:             15'362      277    1'297


*******************************************************************************
*** ENTRY LIST
***

Entry                       Address   Size  Type      Object
-----                       -------   ----  ----      ------
.iar.init_table$$Base    0x800'3a00          --   Gb  - Linker created -
.iar.init_table$$Limit   0x800'3a20          --   Gb  - Linker created -
?main                    0x800'3a41         Code  Gb  cmain.o [8]
ADC1_IRQHandler          0x800'3b9d         Code  Wk  startup_stm32u575xx.o [3]
ADC4_IRQHandler          0x800'3cbd         Code  Wk  startup_stm32u575xx.o [3]
ADF1_IRQHandler          0x800'3cb9         Code  Wk  startup_stm32u575xx.o [3]
AHBPrescTable            0x800'392c   0x10  Data  Gb  system_stm32u5xx.o [1]
APBPrescTable            0x800'3b04    0x8  Data  Gb  system_stm32u5xx.o [1]
BSP_COM_Init             0x800'2e29   0x2c  Code  Gb  stm32u5xx_nucleo.o [5]
BSP_LED_GetState         0x800'2d5d   0x24  Code  Gb  stm32u5xx_nucleo.o [5]
BSP_LED_Init             0x800'2c45   0xbc  Code  Gb  stm32u5xx_nucleo.o [5]
BSP_LED_On               0x800'2d01   0x30  Code  Gb  stm32u5xx_nucleo.o [5]
BSP_LED_Toggle           0x800'2d31   0x2c  Code  Gb  stm32u5xx_nucleo.o [5]
BSP_PB_Callback          0x800'3405    0xc  Code  Gb  main.o [2]
BSP_PB_IRQHandler        0x800'2e19   0x10  Code  Gb  stm32u5xx_nucleo.o [5]
BSP_PB_Init              0x800'2d81   0x96  Code  Gb  stm32u5xx_nucleo.o [5]
BSP_PB_Init::BSP_BUTTON_PRIO
                        0x2000'0014    0x4  Data  Lc  stm32u5xx_nucleo.o [5]
BSP_PB_Init::BUTTON_EXTI_LINE
                         0x800'2f34    0x4  Data  Lc  stm32u5xx_nucleo.o [5]
BSP_PB_Init::ButtonCallback
                        0x2000'0010    0x4  Data  Lc  stm32u5xx_nucleo.o [5]
BUTTON_IRQn              0x800'2f30    0x1  Data  Lc  stm32u5xx_nucleo.o [5]
BUTTON_PIN               0x800'2f2c    0x2  Data  Lc  stm32u5xx_nucleo.o [5]
BUTTON_PORT             0x2000'000c    0x4  Data  Lc  stm32u5xx_nucleo.o [5]
BUTTON_USER_EXTI_Callback
                         0x800'2e8f    0x6  Code  Lc  stm32u5xx_nucleo.o [5]
BspButtonState          0x2000'00e8    0x4  Data  Gb  main.o [2]
BspCOMInit              0x2000'00cc   0x10  Data  Gb  main.o [2]
BusFault_Handler         0x800'3ac7    0x2  Code  Gb  stm32u5xx_it.o [2]
COM1_MspInit             0x800'2e95   0x74  Code  Lc  stm32u5xx_nucleo.o [5]
COMP_IRQHandler          0x800'3c29         Code  Wk  startup_stm32u575xx.o [3]
COM_ActiveLogPort       0x2000'0110    0x1  Data  Lc  stm32u5xx_nucleo.o [5]
COM_USART               0x2000'0024    0x4  Data  Gb  stm32u5xx_nucleo.o [5]
CORDIC_IRQHandler        0x800'3ce5         Code  Wk  startup_stm32u575xx.o [3]
CRS_IRQHandler           0x800'3c31         Code  Wk  startup_stm32u575xx.o [3]
CSTACK$$Base            0x2000'0118          --   Gb  - Linker created -
CSTACK$$Limit           0x2000'0518          --   Gb  - Linker created -
DAC1_IRQHandler          0x800'3ba1         Code  Wk  startup_stm32u575xx.o [3]
DCACHE1_IRQHandler       0x800'3cb5         Code  Wk  startup_stm32u575xx.o [3]
DCMI_PSSI_IRQHandler     0x800'3cd5         Code  Wk  startup_stm32u575xx.o [3]
DMA2D_IRQHandler         0x800'3cd1         Code  Wk  startup_stm32u575xx.o [3]
DebugMon_Handler         0x800'3acd    0x2  Code  Gb  stm32u5xx_it.o [2]
EXTI0_IRQHandler         0x800'3b3d         Code  Wk  startup_stm32u575xx.o [3]
EXTI10_IRQHandler        0x800'3b65         Code  Wk  startup_stm32u575xx.o [3]
EXTI11_IRQHandler        0x800'3b69         Code  Wk  startup_stm32u575xx.o [3]
EXTI12_IRQHandler        0x800'3b6d         Code  Wk  startup_stm32u575xx.o [3]
EXTI13_IRQHandler        0x800'3ad5    0x6  Code  Gb  stm32u5xx_it.o [2]
EXTI14_IRQHandler        0x800'3b71         Code  Wk  startup_stm32u575xx.o [3]
EXTI15_IRQHandler        0x800'3b75         Code  Wk  startup_stm32u575xx.o [3]
EXTI1_IRQHandler         0x800'3b41         Code  Wk  startup_stm32u575xx.o [3]
EXTI2_IRQHandler         0x800'3b45         Code  Wk  startup_stm32u575xx.o [3]
EXTI3_IRQHandler         0x800'3b49         Code  Wk  startup_stm32u575xx.o [3]
EXTI4_IRQHandler         0x800'3b4d         Code  Wk  startup_stm32u575xx.o [3]
EXTI5_IRQHandler         0x800'3b51         Code  Wk  startup_stm32u575xx.o [3]
EXTI6_IRQHandler         0x800'3b55         Code  Wk  startup_stm32u575xx.o [3]
EXTI7_IRQHandler         0x800'3b59         Code  Wk  startup_stm32u575xx.o [3]
EXTI8_IRQHandler         0x800'3b5d         Code  Wk  startup_stm32u575xx.o [3]
EXTI9_IRQHandler         0x800'3b61         Code  Wk  startup_stm32u575xx.o [3]
Error_Handler            0x800'3419    0x4  Code  Gb  main.o [2]
FDCAN1_IT0_IRQHandler    0x800'3ba5         Code  Wk  startup_stm32u575xx.o [3]
FDCAN1_IT1_IRQHandler    0x800'3ba9         Code  Wk  startup_stm32u575xx.o [3]
FLASH_IRQHandler         0x800'3b29         Code  Wk  startup_stm32u575xx.o [3]
FLASH_S_IRQHandler       0x800'3b2d         Code  Wk  startup_stm32u575xx.o [3]
FMAC_IRQHandler          0x800'3ce9         Code  Wk  startup_stm32u575xx.o [3]
FMC_IRQHandler           0x800'3c35         Code  Wk  startup_stm32u575xx.o [3]
FPU_IRQHandler           0x800'3c81         Code  Wk  startup_stm32u575xx.o [3]
GPDMA1_Channel0_IRQHandler
                         0x800'3b7d         Code  Wk  startup_stm32u575xx.o [3]
GPDMA1_Channel10_IRQHandler
                         0x800'3c51         Code  Wk  startup_stm32u575xx.o [3]
GPDMA1_Channel11_IRQHandler
                         0x800'3c55         Code  Wk  startup_stm32u575xx.o [3]
GPDMA1_Channel12_IRQHandler
                         0x800'3c59         Code  Wk  startup_stm32u575xx.o [3]
GPDMA1_Channel13_IRQHandler
                         0x800'3c5d         Code  Wk  startup_stm32u575xx.o [3]
GPDMA1_Channel14_IRQHandler
                         0x800'3c61         Code  Wk  startup_stm32u575xx.o [3]
GPDMA1_Channel15_IRQHandler
                         0x800'3c65         Code  Wk  startup_stm32u575xx.o [3]
GPDMA1_Channel1_IRQHandler
                         0x800'3b81         Code  Wk  startup_stm32u575xx.o [3]
GPDMA1_Channel2_IRQHandler
                         0x800'3b85         Code  Wk  startup_stm32u575xx.o [3]
GPDMA1_Channel3_IRQHandler
                         0x800'3b89         Code  Wk  startup_stm32u575xx.o [3]
GPDMA1_Channel4_IRQHandler
                         0x800'3b8d         Code  Wk  startup_stm32u575xx.o [3]
GPDMA1_Channel5_IRQHandler
                         0x800'3b91         Code  Wk  startup_stm32u575xx.o [3]
GPDMA1_Channel6_IRQHandler
                         0x800'3b95         Code  Wk  startup_stm32u575xx.o [3]
GPDMA1_Channel7_IRQHandler
                         0x800'3b99         Code  Wk  startup_stm32u575xx.o [3]
GPDMA1_Channel8_IRQHandler
                         0x800'3c49         Code  Wk  startup_stm32u575xx.o [3]
GPDMA1_Channel9_IRQHandler
                         0x800'3c4d         Code  Wk  startup_stm32u575xx.o [3]
GTZC_IRQHandler          0x800'3b31         Code  Wk  startup_stm32u575xx.o [3]
HAL_DBGMCU_EnableDBGStandbyMode
                         0x800'353f    0xc  Code  Gb  stm32u5xx_hal.o [4]
HAL_DBGMCU_EnableDBGStopMode
                         0x800'3533    0xc  Code  Gb  stm32u5xx_hal.o [4]
HAL_EXTI_GetHandle       0x800'31af    0xe  Code  Gb  stm32u5xx_hal_exti.o [4]
HAL_EXTI_IRQHandler      0x800'31bd   0x44  Code  Gb  stm32u5xx_hal_exti.o [4]
HAL_EXTI_RegisterCallback
                         0x800'318d   0x22  Code  Gb  stm32u5xx_hal_exti.o [4]
HAL_GPIO_Init            0x800'2f39  0x210  Code  Gb  stm32u5xx_hal_gpio.o [4]
HAL_GPIO_ReadPin         0x800'3149   0x10  Code  Gb  stm32u5xx_hal_gpio.o [4]
HAL_GPIO_TogglePin       0x800'3165   0x10  Code  Gb  stm32u5xx_hal_gpio.o [4]
HAL_GPIO_WritePin        0x800'3159    0xc  Code  Gb  stm32u5xx_hal_gpio.o [4]
HAL_GetDEVID             0x800'351d    0xa  Code  Gb  stm32u5xx_hal.o [4]
HAL_GetREVID             0x800'3515    0x8  Code  Gb  stm32u5xx_hal.o [4]
HAL_GetTick              0x800'2185    0xc  Code  Wk  stm32u5xx_hal.o [4]
HAL_GetUIDw0             0x800'3527    0x6  Code  Gb  stm32u5xx_hal.o [4]
HAL_GetUIDw2             0x800'352d    0x6  Code  Gb  stm32u5xx_hal.o [4]
HAL_ICACHE_ConfigAssociativityMode
                         0x800'36bd   0x1c  Code  Gb  stm32u5xx_hal_icache.o [4]
HAL_ICACHE_Enable        0x800'36d9    0xe  Code  Gb  stm32u5xx_hal_icache.o [4]
HAL_IWDG_Init            0x800'3441   0x84  Code  Gb  stm32u5xx_hal_iwdg.o [4]
HAL_IWDG_MspInit         0x800'3697    0x2  Code  Wk  stm32u5xx_hal_iwdg.o [4]
HAL_IWDG_Refresh         0x800'34c5    0xc  Code  Gb  stm32u5xx_hal_iwdg.o [4]
HAL_IncTick              0x800'3add   0x10  Code  Wk  stm32u5xx_hal.o [4]
HAL_Init                 0x800'34d1   0x44  Code  Gb  stm32u5xx_hal.o [4]
HAL_InitTick             0x800'20e1   0xa4  Code  Wk  stm32u5xx_hal.o [4]
HAL_MspInit              0x800'3699   0x24  Code  Gb  stm32u5xx_hal_msp.o [2]
HAL_NVIC_EnableIRQ       0x800'2359    0x2  Code  Gb  stm32u5xx_hal_cortex.o [4]
HAL_NVIC_SetPriority     0x800'233b   0x1e  Code  Gb  stm32u5xx_hal_cortex.o [4]
HAL_NVIC_SetPriorityGrouping
                         0x800'2339    0x2  Code  Gb  stm32u5xx_hal_cortex.o [4]
HAL_PWREx_ConfigSupply   0x800'2223   0x5a  Code  Gb  stm32u5xx_hal_pwr_ex.o [4]
HAL_PWREx_ControlVoltageScaling
                         0x800'2191   0x86  Code  Gb  stm32u5xx_hal_pwr_ex.o [4]
HAL_PWREx_DisableUCPDDeadBattery
                         0x800'228b    0xe  Code  Gb  stm32u5xx_hal_pwr_ex.o [4]
HAL_PWREx_EnableVddIO2   0x800'227d    0xe  Code  Gb  stm32u5xx_hal_pwr_ex.o [4]
HAL_PWREx_GetVoltageRange
                         0x800'2217    0xc  Code  Gb  stm32u5xx_hal_pwr_ex.o [4]
HAL_RCCEx_GetPLL1ClockFreq
                         0x800'0239  0x1cc  Code  Gb  stm32u5xx_hal_rcc_ex.o [4]
HAL_RCCEx_GetPLL2ClockFreq
                         0x800'0409  0x1c4  Code  Gb  stm32u5xx_hal_rcc_ex.o [4]
HAL_RCCEx_GetPLL3ClockFreq
                         0x800'05d5  0x1c2  Code  Gb  stm32u5xx_hal_rcc_ex.o [4]
HAL_RCCEx_GetPeriphCLKFreq
                         0x800'07ad  0xafe  Code  Gb  stm32u5xx_hal_rcc_ex.o [4]
HAL_RCC_ClockConfig      0x800'1b75  0x2b4  Code  Gb  stm32u5xx_hal_rcc.o [4]
HAL_RCC_GetHCLKFreq      0x800'1f89   0x1c  Code  Gb  stm32u5xx_hal_rcc.o [4]
HAL_RCC_GetPCLK1Freq     0x800'1fa5   0x16  Code  Gb  stm32u5xx_hal_rcc.o [4]
HAL_RCC_GetPCLK2Freq     0x800'1fbb   0x16  Code  Gb  stm32u5xx_hal_rcc.o [4]
HAL_RCC_GetPCLK3Freq     0x800'1fd1   0x16  Code  Gb  stm32u5xx_hal_rcc.o [4]
HAL_RCC_GetSysClockFreq
                         0x800'1e35  0x14e  Code  Gb  stm32u5xx_hal_rcc.o [4]
HAL_RCC_OscConfig        0x800'12c5  0x8a8  Code  Gb  stm32u5xx_hal_rcc.o [4]
HAL_SYSTICK_CLKSourceConfig
                         0x800'2381   0x60  Code  Gb  stm32u5xx_hal_cortex.o [4]
HAL_SYSTICK_Config       0x800'235b   0x24  Code  Gb  stm32u5xx_hal_cortex.o [4]
HAL_SYSTICK_GetCLKSourceConfig
                         0x800'23e1   0x2e  Code  Gb  stm32u5xx_hal_cortex.o [4]
HAL_UART_Init            0x800'2429   0x6e  Code  Gb  stm32u5xx_hal_uart.o [4]
HAL_UART_MspInit         0x800'29d5    0x2  Code  Wk  stm32u5xx_hal_uart.o [4]
HAL_UART_Transmit        0x800'2497   0xd2  Code  Gb  stm32u5xx_hal_uart.o [4]
HASH_IRQHandler          0x800'3c85         Code  Wk  startup_stm32u575xx.o [3]
HardFault_Handler        0x800'3ac3    0x2  Code  Gb  stm32u5xx_it.o [2]
I2C1_ER_IRQHandler       0x800'3be9         Code  Wk  startup_stm32u575xx.o [3]
I2C1_EV_IRQHandler       0x800'3be5         Code  Wk  startup_stm32u575xx.o [3]
I2C2_ER_IRQHandler       0x800'3bf1         Code  Wk  startup_stm32u575xx.o [3]
I2C2_EV_IRQHandler       0x800'3bed         Code  Wk  startup_stm32u575xx.o [3]
I2C3_ER_IRQHandler       0x800'3c6d         Code  Wk  startup_stm32u575xx.o [3]
I2C3_EV_IRQHandler       0x800'3c69         Code  Wk  startup_stm32u575xx.o [3]
I2C4_ER_IRQHandler       0x800'3c91         Code  Wk  startup_stm32u575xx.o [3]
I2C4_EV_IRQHandler       0x800'3c95         Code  Wk  startup_stm32u575xx.o [3]
ICACHE_IRQHandler        0x800'3cad         Code  Wk  startup_stm32u575xx.o [3]
IWDG_IRQHandler          0x800'3b79         Code  Wk  startup_stm32u575xx.o [3]
LED_PIN                  0x800'2f24    0x8  Data  Lc  stm32u5xx_nucleo.o [5]
LED_PORT                0x2000'0028    0xc  Data  Lc  stm32u5xx_nucleo.o [5]
LPDMA1_Channel0_IRQHandler
                         0x800'3cc1         Code  Wk  startup_stm32u575xx.o [3]
LPDMA1_Channel1_IRQHandler
                         0x800'3cc5         Code  Wk  startup_stm32u575xx.o [3]
LPDMA1_Channel2_IRQHandler
                         0x800'3cc9         Code  Wk  startup_stm32u575xx.o [3]
LPDMA1_Channel3_IRQHandler
                         0x800'3ccd         Code  Wk  startup_stm32u575xx.o [3]
LPGPIO_Map               0x800'3860   0x80  Data  Lc  stm32u5xx_hal_gpio.o [4]
LPTIM1_IRQHandler        0x800'3c15         Code  Wk  startup_stm32u575xx.o [3]
LPTIM2_IRQHandler        0x800'3c19         Code  Wk  startup_stm32u575xx.o [3]
LPTIM3_IRQHandler        0x800'3c89         Code  Wk  startup_stm32u575xx.o [3]
LPTIM4_IRQHandler        0x800'3cb1         Code  Wk  startup_stm32u575xx.o [3]
LPUART1_IRQHandler       0x800'3c11         Code  Wk  startup_stm32u575xx.o [3]
LSECSSD_IRQHandler       0x800'3ced         Code  Wk  startup_stm32u575xx.o [3]
MDF1_FLT0_IRQHandler     0x800'3c99         Code  Wk  startup_stm32u575xx.o [3]
MDF1_FLT1_IRQHandler     0x800'3c9d         Code  Wk  startup_stm32u575xx.o [3]
MDF1_FLT2_IRQHandler     0x800'3ca1         Code  Wk  startup_stm32u575xx.o [3]
MDF1_FLT3_IRQHandler     0x800'3ca5         Code  Wk  startup_stm32u575xx.o [3]
MDF1_FLT4_IRQHandler     0x800'3cdd         Code  Wk  startup_stm32u575xx.o [3]
MDF1_FLT5_IRQHandler     0x800'3ce1         Code  Wk  startup_stm32u575xx.o [3]
MSIRangeTable            0x800'393c   0x40  Data  Gb  system_stm32u5xx.o [1]
MX_GPIO_Init             0x800'356d   0x44  Code  Gb  gpio.o [2]
MX_ICACHE_Init           0x800'35b1   0x22  Code  Gb  icache.o [2]
MX_IWDG_Init             0x800'35d5   0x34  Code  Gb  iwdg.o [2]
MX_USART1_Init           0x800'3209   0x38  Code  Wk  stm32u5xx_nucleo.o [5]
MemManage_Handler        0x800'3ac5    0x2  Code  Gb  stm32u5xx_it.o [2]
NMI_Handler              0x800'3ac1    0x2  Code  Gb  stm32u5xx_it.o [2]
NVIC_EncodePriority      0x800'2303   0x36  Code  Lc  stm32u5xx_hal_cortex.o [4]
OCTOSPI1_IRQHandler      0x800'3c39         Code  Wk  startup_stm32u575xx.o [3]
OCTOSPI2_IRQHandler      0x800'3cd9         Code  Wk  startup_stm32u575xx.o [3]
OTG_FS_IRQHandler        0x800'3c2d         Code  Wk  startup_stm32u575xx.o [3]
PVD_PVM_IRQHandler       0x800'3b15         Code  Wk  startup_stm32u575xx.o [3]
PWR_S3WU_IRQHandler      0x800'3c3d         Code  Wk  startup_stm32u575xx.o [3]
PatWDog                  0x800'3255   0x14  Code  Lc  main.o [2]
PendSV_Handler           0x800'3acf    0x2  Code  Gb  stm32u5xx_it.o [2]
RAMCFG_IRQHandler        0x800'3b25         Code  Wk  startup_stm32u575xx.o [3]
RCC_IRQHandler           0x800'3b35         Code  Wk  startup_stm32u575xx.o [3]
RCC_S_IRQHandler         0x800'3b39         Code  Wk  startup_stm32u575xx.o [3]
RCC_SetFlashLatencyFromMSIRange
                         0x800'1ff9   0xa6  Code  Lc  stm32u5xx_hal_rcc.o [4]
RNG_IRQHandler           0x800'3c7d         Code  Wk  startup_stm32u575xx.o [3]
RTC_IRQHandler           0x800'3b19         Code  Wk  startup_stm32u575xx.o [3]
RTC_S_IRQHandler         0x800'3b1d         Code  Wk  startup_stm32u575xx.o [3]
Region$$Table$$Base      0x800'3a00          --   Gb  - Linker created -
Region$$Table$$Limit     0x800'3a20          --   Gb  - Linker created -
Reset_Handler            0x800'3a89         Code  Wk  startup_stm32u575xx.o [3]
SAI1_IRQHandler          0x800'3c71         Code  Wk  startup_stm32u575xx.o [3]
SAI2_IRQHandler          0x800'3c75         Code  Wk  startup_stm32u575xx.o [3]
SDMMC1_IRQHandler        0x800'3c41         Code  Wk  startup_stm32u575xx.o [3]
SDMMC2_IRQHandler        0x800'3c45         Code  Wk  startup_stm32u575xx.o [3]
SPI1_IRQHandler          0x800'3bf5         Code  Wk  startup_stm32u575xx.o [3]
SPI2_IRQHandler          0x800'3bf9         Code  Wk  startup_stm32u575xx.o [3]
SPI3_IRQHandler          0x800'3c8d         Code  Wk  startup_stm32u575xx.o [3]
SVC_Handler              0x800'3acb    0x2  Code  Gb  stm32u5xx_it.o [2]
SecureFault_Handler      0x800'3b0d         Code  Wk  startup_stm32u575xx.o [3]
Sleep                    0x800'3241   0x14  Code  Lc  main.o [2]
SysTick_Handler          0x800'3ad1    0x4  Code  Gb  stm32u5xx_it.o [2]
SystemClock_Config       0x800'3355   0x98  Code  Gb  main.o [2]
SystemCoreClock         0x2000'0034    0x4  Data  Gb  system_stm32u5xx.o [1]
SystemInit               0x800'38e1   0x3a  Code  Gb  system_stm32u5xx.o [1]
SystemPower_Config       0x800'33ed   0x18  Code  Lc  main.o [2]
TAMP_IRQHandler          0x800'3b21         Code  Wk  startup_stm32u575xx.o [3]
TIM15_IRQHandler         0x800'3c1d         Code  Wk  startup_stm32u575xx.o [3]
TIM16_IRQHandler         0x800'3c21         Code  Wk  startup_stm32u575xx.o [3]
TIM17_IRQHandler         0x800'3c25         Code  Wk  startup_stm32u575xx.o [3]
TIM1_BRK_IRQHandler      0x800'3bad         Code  Wk  startup_stm32u575xx.o [3]
TIM1_CC_IRQHandler       0x800'3bb9         Code  Wk  startup_stm32u575xx.o [3]
TIM1_TRG_COM_IRQHandler
                         0x800'3bb5         Code  Wk  startup_stm32u575xx.o [3]
TIM1_UP_IRQHandler       0x800'3bb1         Code  Wk  startup_stm32u575xx.o [3]
TIM2_IRQHandler          0x800'3bbd         Code  Wk  startup_stm32u575xx.o [3]
TIM3_IRQHandler          0x800'3bc1         Code  Wk  startup_stm32u575xx.o [3]
TIM4_IRQHandler          0x800'3bc5         Code  Wk  startup_stm32u575xx.o [3]
TIM5_IRQHandler          0x800'3bc9         Code  Wk  startup_stm32u575xx.o [3]
TIM6_IRQHandler          0x800'3bcd         Code  Wk  startup_stm32u575xx.o [3]
TIM7_IRQHandler          0x800'3bd1         Code  Wk  startup_stm32u575xx.o [3]
TIM8_BRK_IRQHandler      0x800'3bd5         Code  Wk  startup_stm32u575xx.o [3]
TIM8_CC_IRQHandler       0x800'3be1         Code  Wk  startup_stm32u575xx.o [3]
TIM8_TRG_COM_IRQHandler
                         0x800'3bdd         Code  Wk  startup_stm32u575xx.o [3]
TIM8_UP_IRQHandler       0x800'3bd9         Code  Wk  startup_stm32u575xx.o [3]
TSC_IRQHandler           0x800'3c79         Code  Wk  startup_stm32u575xx.o [3]
UART4_IRQHandler         0x800'3c09         Code  Wk  startup_stm32u575xx.o [3]
UART5_IRQHandler         0x800'3c0d         Code  Wk  startup_stm32u575xx.o [3]
UARTPrescTable           0x800'2990   0x18  Data  Gb  stm32u5xx_hal_uart.o [4]
UART_AdvFeatureConfig    0x800'2711   0xc8  Code  Gb  stm32u5xx_hal_uart.o [4]
UART_CheckIdleState      0x800'27d9   0xc4  Code  Gb  stm32u5xx_hal_uart.o [4]
UART_EndRxTransfer       0x800'2935   0x58  Code  Lc  stm32u5xx_hal_uart.o [4]
UART_SetConfig           0x800'2569  0x1a8  Code  Gb  stm32u5xx_hal_uart.o [4]
UART_WaitOnFlagUntilTimeout
                         0x800'289d   0x98  Code  Gb  stm32u5xx_hal_uart.o [4]
UCPD1_IRQHandler         0x800'3ca9         Code  Wk  startup_stm32u575xx.o [3]
USART1_IRQHandler        0x800'3bfd         Code  Wk  startup_stm32u575xx.o [3]
USART2_IRQHandler        0x800'3c01         Code  Wk  startup_stm32u575xx.o [3]
USART3_IRQHandler        0x800'3c05         Code  Wk  startup_stm32u575xx.o [3]
UsageFault_Handler       0x800'3ac9    0x2  Code  Gb  stm32u5xx_it.o [2]
WWDG_IRQHandler          0x800'3b11         Code  Wk  startup_stm32u575xx.o [3]
_PrintfTiny              0x800'3705  0x122  Code  Gb  xprintftiny.o [6]
_Prout                   0x800'3aed   0x16  Code  Gb  xprout.o [6]
__NVIC_EnableIRQ         0x800'22d1   0x16  Code  Lc  stm32u5xx_hal_cortex.o [4]
__NVIC_GetPriorityGrouping
                         0x800'22c5    0xa  Code  Lc  stm32u5xx_hal_cortex.o [4]
__NVIC_SetPriority       0x800'22e7   0x1c  Code  Lc  stm32u5xx_hal_cortex.o [4]
__NVIC_SetPriorityGrouping
                         0x800'22b1   0x14  Code  Lc  stm32u5xx_hal_cortex.o [4]
__Vectors                0x800'0000          --   Gb  startup_stm32u575xx.o [3]
__Vectors_End            0x800'0238         Data  Gb  startup_stm32u575xx.o [3]
__Vectors_Size {Abs}          0x238          --   Gb  startup_stm32u575xx.o [3]
__aeabi_ldiv0            0x800'2c41         Code  Gb  I64DivZer.o [8]
__aeabi_memset           0x800'3631         Code  Gb  ABImemset.o [8]
__aeabi_uldivmod         0x800'2a11         Code  Gb  I64DivMod.o [8]
__cmain                  0x800'3a41         Code  Gb  cmain.o [8]
__exit                   0x800'3a75   0x14  Code  Gb  exit.o [9]
__iar_Memset             0x800'3631         Code  Gb  ABImemset.o [8]
__iar_Memset_word        0x800'3639         Code  Gb  ABImemset.o [8]
__iar_data_init3         0x800'39b5   0x28  Code  Gb  data_init.o [8]
__iar_init_vfp           0x800'39dd         Code  Gb  fpinit_M.o [7]
__iar_packbits_init_single3
                         0x800'29d7   0x3a  Code  Gb  packbits_init_single.o [8]
__iar_program_start      0x800'3aa5         Code  Gb  cstartup_M.o [8]
__iar_zero_init3         0x800'397d   0x38  Code  Gb  zero_init3.o [8]
__low_level_init         0x800'3a5f    0x4  Code  Gb  low_level_init.o [6]
__vector_table           0x800'0000         Data  Gb  startup_stm32u575xx.o [3]
__write                  0x800'2e55   0x1c  Code  Gb  stm32u5xx_nucleo.o [5]
_call_main               0x800'3a4d         Code  Gb  cmain.o [8]
_exit                    0x800'3a69         Code  Gb  cexit.o [8]
cpuid                   0x2000'00dc    0xc  Data  Gb  main.o [2]
devid                   0x2000'00f4    0x4  Data  Gb  main.o [2]
exit                     0x800'3a63    0x4  Code  Gb  exit.o [6]
hcom_uart               0x2000'0038   0x94  Data  Gb  stm32u5xx_nucleo.o [5]
hiwdg                   0x2000'00fc   0x14  Data  Gb  iwdg.o [2]
hpb_exti                0x2000'0018    0xc  Data  Gb  stm32u5xx_nucleo.o [5]
iar_fputc                0x800'2e71   0x1e  Code  Gb  stm32u5xx_nucleo.o [5]
loopCount               0x2000'00f0    0x4  Data  Gb  main.o [2]
main                     0x800'3269   0xec  Code  Gb  main.o [2]
nextTick                0x2000'00ec    0x4  Data  Gb  main.o [2]
out                      0x800'36ed   0x18  Code  Lc  xprintftiny.o [6]
printf                   0x800'3609   0x28  Code  Gb  printf.o [6]
putchar                  0x800'3a21   0x20  Code  Gb  putchar.o [6]
revid                   0x2000'00f8    0x4  Data  Gb  main.o [2]
strlen                   0x800'3829         Code  Gb  strlen.o [8]
uwTick                  0x2000'0004    0x4  Data  Gb  stm32u5xx_hal.o [4]
uwTickFreq              0x2000'0000    0x1  Data  Gb  stm32u5xx_hal.o [4]
uwTickPrio              0x2000'0008    0x4  Data  Gb  stm32u5xx_hal.o [4]


[1] = D:\git-my-repos\ARM projects\STM32U5-nucleo-graphics\EWARM\STM32U5-nucleo-graphics\Obj\CMSIS_6603591812247902717.dir
[2] = D:\git-my-repos\ARM projects\STM32U5-nucleo-graphics\EWARM\STM32U5-nucleo-graphics\Obj\Core_13247989168731456611.dir
[3] = D:\git-my-repos\ARM projects\STM32U5-nucleo-graphics\EWARM\STM32U5-nucleo-graphics\Obj\EWARM_18443280873093131863.dir
[4] = D:\git-my-repos\ARM projects\STM32U5-nucleo-graphics\EWARM\STM32U5-nucleo-graphics\Obj\STM32U5xx_HAL_Driver_18077472236357910042.dir
[5] = D:\git-my-repos\ARM projects\STM32U5-nucleo-graphics\EWARM\STM32U5-nucleo-graphics\Obj\STM32U5xx_Nucleo_17360961038387864367.dir
[6] = dl7M_tln.a
[7] = m7M_tls.a
[8] = rt7M_tl.a
[9] = shb_l.a

  15'362 bytes of readonly  code memory
     277 bytes of readonly  data memory
   1'297 bytes of readwrite data memory

Errors: none
Warnings: none
